[2024-01-25T17:17:01.683+0000][0.045s] Using G1
[2024-01-25T17:17:01.826+0000][0.188s] Version: 17.0.9+9 (release)
[2024-01-25T17:17:01.826+0000][0.188s] CPUs: 12 total, 12 available
[2024-01-25T17:17:01.827+0000][0.189s] Memory: 7619M
[2024-01-25T17:17:01.827+0000][0.189s] Large Page Support: Disabled
[2024-01-25T17:17:01.827+0000][0.189s] NUMA Support: Disabled
[2024-01-25T17:17:01.827+0000][0.189s] Compressed Oops: Enabled (32-bit)
[2024-01-25T17:17:01.827+0000][0.190s] Heap Region Size: 1M
[2024-01-25T17:17:01.828+0000][0.190s] Heap Min Capacity: 512M
[2024-01-25T17:17:01.828+0000][0.190s] Heap Initial Capacity: 512M
[2024-01-25T17:17:01.828+0000][0.190s] Heap Max Capacity: 512M
[2024-01-25T17:17:01.828+0000][0.191s] Pre-touch: Enabled
[2024-01-25T17:17:01.829+0000][0.191s] Parallel Workers: 10
[2024-01-25T17:17:01.829+0000][0.191s] Concurrent Workers: 3
[2024-01-25T17:17:01.829+0000][0.191s] Concurrent Refinement Workers: 10
[2024-01-25T17:17:01.829+0000][0.191s] Periodic GC: Disabled
[2024-01-25T17:17:01.841+0000][0.203s] CDS archive(s) mapped at: [0x00007f54f3000000-0x00007f54f3a5f000-0x00007f54f3a5f000), size 10874880, SharedBaseAddress: 0x00007f54f3000000, ArchiveRelocationMode: 1.
[2024-01-25T17:17:01.842+0000][0.204s] Compressed class space mapped at: 0x00007f54f4000000-0x00007f5534000000, reserved size: 1073741824
[2024-01-25T17:17:01.842+0000][0.204s] Narrow klass base: 0x00007f54f3000000, Narrow klass shift: 0, Narrow klass range: 0x100000000
[2024-01-25T17:17:02.785+0000][1.148s] GC(0) Pause Young (Normal) (G1 Evacuation Pause)
[2024-01-25T17:17:02.786+0000][1.148s] GC(0) Using 10 workers of 10 for evacuation
[2024-01-25T17:17:02.789+0000][1.151s] GC(0)   Pre Evacuate Collection Set: 0.2ms
[2024-01-25T17:17:02.789+0000][1.151s] GC(0)   Merge Heap Roots: 0.2ms
[2024-01-25T17:17:02.789+0000][1.151s] GC(0)   Evacuate Collection Set: 1.8ms
[2024-01-25T17:17:02.789+0000][1.151s] GC(0)   Post Evacuate Collection Set: 0.6ms
[2024-01-25T17:17:02.789+0000][1.152s] GC(0)   Other: 0.7ms
[2024-01-25T17:17:02.789+0000][1.152s] GC(0) Eden regions: 29->0(58)
[2024-01-25T17:17:02.790+0000][1.152s] GC(0) Survivor regions: 0->4(4)
[2024-01-25T17:17:02.790+0000][1.152s] GC(0) Old regions: 0->1
[2024-01-25T17:17:02.790+0000][1.152s] GC(0) Archive regions: 2->2
[2024-01-25T17:17:02.790+0000][1.152s] GC(0) Humongous regions: 0->0
[2024-01-25T17:17:02.790+0000][1.152s] GC(0) Metaspace: 9868K(10112K)->9868K(10112K) NonClass: 8652K(8768K)->8652K(8768K) Class: 1215K(1344K)->1215K(1344K)
[2024-01-25T17:17:02.790+0000][1.152s] GC(0) Pause Young (Normal) (G1 Evacuation Pause) 29M->5M(512M) 4.758ms
[2024-01-25T17:17:02.790+0000][1.153s] GC(0) User=0.01s Sys=0.01s Real=0.01s
[2024-01-25T17:17:03.423+0000][1.785s] GC(1) Pause Young (Normal) (G1 Evacuation Pause)
[2024-01-25T17:17:03.423+0000][1.785s] GC(1) Using 10 workers of 10 for evacuation
[2024-01-25T17:17:03.428+0000][1.790s] GC(1)   Pre Evacuate Collection Set: 0.1ms
[2024-01-25T17:17:03.428+0000][1.790s] GC(1)   Merge Heap Roots: 0.1ms
[2024-01-25T17:17:03.428+0000][1.790s] GC(1)   Evacuate Collection Set: 3.7ms
[2024-01-25T17:17:03.428+0000][1.791s] GC(1)   Post Evacuate Collection Set: 0.6ms
[2024-01-25T17:17:03.428+0000][1.791s] GC(1)   Other: 0.3ms
[2024-01-25T17:17:03.429+0000][1.791s] GC(1) Eden regions: 55->0(126)
[2024-01-25T17:17:03.429+0000][1.791s] GC(1) Survivor regions: 4->8(8)
[2024-01-25T17:17:03.429+0000][1.791s] GC(1) Old regions: 1->9
[2024-01-25T17:17:03.429+0000][1.791s] GC(1) Archive regions: 2->2
[2024-01-25T17:17:03.429+0000][1.791s] GC(1) Humongous regions: 4->4
[2024-01-25T17:17:03.429+0000][1.791s] GC(1) Metaspace: 17927K(18112K)->17927K(18112K) NonClass: 15713K(15808K)->15713K(15808K) Class: 2213K(2304K)->2213K(2304K)
[2024-01-25T17:17:03.429+0000][1.791s] GC(1) Pause Young (Normal) (G1 Evacuation Pause) 64M->21M(512M) 6.067ms
[2024-01-25T17:17:03.429+0000][1.792s] GC(1) User=0.04s Sys=0.01s Real=0.00s
[2024-01-25T17:17:03.702+0000][2.064s] GC(2) Pause Young (Concurrent Start) (Metadata GC Threshold)
[2024-01-25T17:17:03.702+0000][2.064s] GC(2) Using 10 workers of 10 for evacuation
[2024-01-25T17:17:03.706+0000][2.068s] GC(2)   Pre Evacuate Collection Set: 0.1ms
[2024-01-25T17:17:03.706+0000][2.068s] GC(2)   Merge Heap Roots: 0.1ms
[2024-01-25T17:17:03.706+0000][2.068s] GC(2)   Evacuate Collection Set: 2.4ms
[2024-01-25T17:17:03.706+0000][2.068s] GC(2)   Post Evacuate Collection Set: 1.0ms
[2024-01-25T17:17:03.706+0000][2.068s] GC(2)   Other: 0.4ms
[2024-01-25T17:17:03.706+0000][2.068s] GC(2) Eden regions: 33->0(99)
[2024-01-25T17:17:03.706+0000][2.069s] GC(2) Survivor regions: 8->11(17)
[2024-01-25T17:17:03.706+0000][2.069s] GC(2) Old regions: 9->9
[2024-01-25T17:17:03.707+0000][2.069s] GC(2) Archive regions: 2->2
[2024-01-25T17:17:03.707+0000][2.069s] GC(2) Humongous regions: 5->5
[2024-01-25T17:17:03.707+0000][2.069s] GC(2) Metaspace: 21208K(21504K)->21208K(21504K) NonClass: 18601K(18752K)->18601K(18752K) Class: 2606K(2752K)->2606K(2752K)
[2024-01-25T17:17:03.707+0000][2.069s] GC(2) Pause Young (Concurrent Start) (Metadata GC Threshold) 55M->24M(512M) 5.237ms
[2024-01-25T17:17:03.707+0000][2.069s] GC(2) User=0.01s Sys=0.00s Real=0.00s
[2024-01-25T17:17:03.707+0000][2.069s] GC(3) Concurrent Mark Cycle
[2024-01-25T17:17:03.707+0000][2.070s] GC(3) Concurrent Clear Claimed Marks
[2024-01-25T17:17:03.708+0000][2.070s] GC(3) Concurrent Clear Claimed Marks 0.202ms
[2024-01-25T17:17:03.708+0000][2.070s] GC(3) Concurrent Scan Root Regions
[2024-01-25T17:17:03.709+0000][2.071s] GC(3) Concurrent Scan Root Regions 1.537ms
[2024-01-25T17:17:03.709+0000][2.072s] GC(3) Concurrent Mark
[2024-01-25T17:17:03.710+0000][2.072s] GC(3) Concurrent Mark From Roots
[2024-01-25T17:17:03.710+0000][2.072s] GC(3) Using 3 workers of 3 for marking
[2024-01-25T17:17:03.714+0000][2.076s] GC(3) Concurrent Mark From Roots 3.942ms
[2024-01-25T17:17:03.714+0000][2.076s] GC(3) Concurrent Preclean
[2024-01-25T17:17:03.714+0000][2.076s] GC(3) Concurrent Preclean 0.173ms
[2024-01-25T17:17:03.714+0000][2.076s] GC(3) Pause Remark
[2024-01-25T17:17:03.716+0000][2.078s] GC(3) Pause Remark 26M->26M(512M) 1.607ms
[2024-01-25T17:17:03.716+0000][2.078s] GC(3) User=0.00s Sys=0.00s Real=0.00s
[2024-01-25T17:17:03.716+0000][2.078s] GC(3) Concurrent Mark 6.643ms
[2024-01-25T17:17:03.716+0000][2.078s] GC(3) Concurrent Rebuild Remembered Sets
[2024-01-25T17:17:03.718+0000][2.081s] GC(3) Concurrent Rebuild Remembered Sets 2.309ms
[2024-01-25T17:17:03.719+0000][2.081s] GC(3) Pause Cleanup
[2024-01-25T17:17:03.719+0000][2.081s] GC(3) Pause Cleanup 26M->26M(512M) 0.245ms
[2024-01-25T17:17:03.719+0000][2.081s] GC(3) User=0.00s Sys=0.00s Real=0.00s
[2024-01-25T17:17:03.719+0000][2.081s] GC(3) Concurrent Cleanup for Next Mark
[2024-01-25T17:17:03.720+0000][2.082s] GC(3) Concurrent Cleanup for Next Mark 0.688ms
[2024-01-25T17:17:03.720+0000][2.082s] GC(3) Concurrent Mark Cycle 12.857ms
[2024-01-25T17:17:04.838+0000][3.201s] GC(4) Pause Young (Concurrent Start) (Metadata GC Threshold)
[2024-01-25T17:17:04.838+0000][3.201s] GC(4) Using 10 workers of 10 for evacuation
[2024-01-25T17:17:04.844+0000][3.207s] GC(4)   Pre Evacuate Collection Set: 0.1ms
[2024-01-25T17:17:04.845+0000][3.207s] GC(4)   Merge Heap Roots: 0.1ms
[2024-01-25T17:17:04.845+0000][3.207s] GC(4)   Evacuate Collection Set: 4.5ms
[2024-01-25T17:17:04.845+0000][3.207s] GC(4)   Post Evacuate Collection Set: 1.0ms
[2024-01-25T17:17:04.845+0000][3.207s] GC(4)   Other: 0.3ms
[2024-01-25T17:17:04.845+0000][3.207s] GC(4) Eden regions: 94->0(114)
[2024-01-25T17:17:04.845+0000][3.207s] GC(4) Survivor regions: 11->9(14)
[2024-01-25T17:17:04.845+0000][3.207s] GC(4) Old regions: 9->17
[2024-01-25T17:17:04.845+0000][3.208s] GC(4) Archive regions: 2->2
[2024-01-25T17:17:04.845+0000][3.208s] GC(4) Humongous regions: 5->4
[2024-01-25T17:17:04.846+0000][3.208s] GC(4) Metaspace: 35656K(35968K)->35656K(35968K) NonClass: 31209K(31360K)->31209K(31360K) Class: 4446K(4608K)->4446K(4608K)
[2024-01-25T17:17:04.846+0000][3.208s] GC(4) Pause Young (Concurrent Start) (Metadata GC Threshold) 118M->30M(512M) 7.378ms
[2024-01-25T17:17:04.846+0000][3.208s] GC(4) User=0.04s Sys=0.01s Real=0.01s
[2024-01-25T17:17:04.846+0000][3.208s] GC(5) Concurrent Mark Cycle
[2024-01-25T17:17:04.846+0000][3.208s] GC(5) Concurrent Clear Claimed Marks
[2024-01-25T17:17:04.846+0000][3.209s] GC(5) Concurrent Clear Claimed Marks 0.148ms
[2024-01-25T17:17:04.847+0000][3.209s] GC(5) Concurrent Scan Root Regions
[2024-01-25T17:17:04.849+0000][3.211s] GC(5) Concurrent Scan Root Regions 2.320ms
[2024-01-25T17:17:04.849+0000][3.211s] GC(5) Concurrent Mark
[2024-01-25T17:17:04.849+0000][3.211s] GC(5) Concurrent Mark From Roots
[2024-01-25T17:17:04.849+0000][3.212s] GC(5) Using 3 workers of 3 for marking
[2024-01-25T17:17:04.853+0000][3.215s] GC(5) Concurrent Mark From Roots 4.050ms
[2024-01-25T17:17:04.853+0000][3.216s] GC(5) Concurrent Preclean
[2024-01-25T17:17:04.854+0000][3.216s] GC(5) Concurrent Preclean 0.214ms
[2024-01-25T17:17:04.854+0000][3.216s] GC(5) Pause Remark
[2024-01-25T17:17:04.856+0000][3.218s] GC(5) Pause Remark 31M->31M(512M) 1.645ms
[2024-01-25T17:17:04.856+0000][3.218s] GC(5) User=0.01s Sys=0.00s Real=0.00s
[2024-01-25T17:17:04.856+0000][3.218s] GC(5) Concurrent Mark 6.793ms
[2024-01-25T17:17:04.856+0000][3.218s] GC(5) Concurrent Rebuild Remembered Sets
[2024-01-25T17:17:04.859+0000][3.221s] GC(5) Concurrent Rebuild Remembered Sets 2.742ms
[2024-01-25T17:17:04.859+0000][3.221s] GC(5) Pause Cleanup
[2024-01-25T17:17:04.859+0000][3.222s] GC(5) Pause Cleanup 32M->32M(512M) 0.299ms
[2024-01-25T17:17:04.860+0000][3.222s] GC(5) User=0.01s Sys=0.01s Real=0.00s
[2024-01-25T17:17:04.860+0000][3.222s] GC(5) Concurrent Cleanup for Next Mark
[2024-01-25T17:17:04.860+0000][3.223s] GC(5) Concurrent Cleanup for Next Mark 0.648ms
[2024-01-25T17:17:04.860+0000][3.223s] GC(5) Concurrent Mark Cycle 14.466ms
[2024-01-25T17:17:06.055+0000][4.417s] GC(6) Pause Young (Normal) (G1 Evacuation Pause)
[2024-01-25T17:17:06.055+0000][4.418s] GC(6) Using 10 workers of 10 for evacuation
[2024-01-25T17:17:06.062+0000][4.424s] GC(6)   Pre Evacuate Collection Set: 0.1ms
[2024-01-25T17:17:06.062+0000][4.424s] GC(6)   Merge Heap Roots: 0.1ms
[2024-01-25T17:17:06.063+0000][4.425s] GC(6)   Evacuate Collection Set: 4.7ms
[2024-01-25T17:17:06.063+0000][4.425s] GC(6)   Post Evacuate Collection Set: 1.2ms
[2024-01-25T17:17:06.063+0000][4.425s] GC(6)   Other: 0.8ms
[2024-01-25T17:17:06.064+0000][4.426s] GC(6) Eden regions: 114->0(291)
[2024-01-25T17:17:06.064+0000][4.426s] GC(6) Survivor regions: 9->16(16)
[2024-01-25T17:17:06.064+0000][4.426s] GC(6) Old regions: 17->21
[2024-01-25T17:17:06.064+0000][4.427s] GC(6) Archive regions: 2->2
[2024-01-25T17:17:06.065+0000][4.427s] GC(6) Humongous regions: 4->4
[2024-01-25T17:17:06.065+0000][4.427s] GC(6) Metaspace: 47081K(47552K)->47081K(47552K) NonClass: 41117K(41344K)->41117K(41344K) Class: 5963K(6208K)->5963K(6208K)
[2024-01-25T17:17:06.065+0000][4.428s] GC(6) Pause Young (Normal) (G1 Evacuation Pause) 144M->40M(512M) 10.253ms
[2024-01-25T17:17:06.066+0000][4.428s] GC(6) User=0.06s Sys=0.00s Real=0.01s
[2024-01-25T17:23:46.185+0000][404.548s] Heap
[2024-01-25T17:23:46.186+0000][404.548s]  garbage-first heap   total 524288K, used 101824K [0x00000000e0000000, 0x0000000100000000)
[2024-01-25T17:23:46.186+0000][404.548s]   region size 1024K, 75 young (76800K), 16 survivors (16384K)
[2024-01-25T17:23:46.186+0000][404.548s]  Metaspace       used 51641K, committed 52096K, reserved 1114112K
[2024-01-25T17:23:46.186+0000][404.548s]   class space    used 6642K, committed 6848K, reserved 1048576K
