[2024-01-24T16:43:27.603+0000][0.033s] Using G1
[2024-01-24T16:43:27.725+0000][0.155s] Version: 17.0.9+9 (release)
[2024-01-24T16:43:27.726+0000][0.155s] CPUs: 12 total, 12 available
[2024-01-24T16:43:27.726+0000][0.156s] Memory: 7619M
[2024-01-24T16:43:27.726+0000][0.156s] Large Page Support: Disabled
[2024-01-24T16:43:27.726+0000][0.156s] NUMA Support: Disabled
[2024-01-24T16:43:27.726+0000][0.156s] Compressed Oops: Enabled (32-bit)
[2024-01-24T16:43:27.726+0000][0.156s] Heap Region Size: 1M
[2024-01-24T16:43:27.727+0000][0.156s] Heap Min Capacity: 512M
[2024-01-24T16:43:27.727+0000][0.156s] Heap Initial Capacity: 512M
[2024-01-24T16:43:27.727+0000][0.157s] Heap Max Capacity: 512M
[2024-01-24T16:43:27.727+0000][0.157s] Pre-touch: Enabled
[2024-01-24T16:43:27.727+0000][0.157s] Parallel Workers: 10
[2024-01-24T16:43:27.727+0000][0.157s] Concurrent Workers: 3
[2024-01-24T16:43:27.728+0000][0.157s] Concurrent Refinement Workers: 10
[2024-01-24T16:43:27.728+0000][0.157s] Periodic GC: Disabled
[2024-01-24T16:43:27.735+0000][0.164s] CDS archive(s) mapped at: [0x00007f2b87000000-0x00007f2b87a5f000-0x00007f2b87a5f000), size 10874880, SharedBaseAddress: 0x00007f2b87000000, ArchiveRelocationMode: 1.
[2024-01-24T16:43:27.735+0000][0.165s] Compressed class space mapped at: 0x00007f2b88000000-0x00007f2bc8000000, reserved size: 1073741824
[2024-01-24T16:43:27.735+0000][0.165s] Narrow klass base: 0x00007f2b87000000, Narrow klass shift: 0, Narrow klass range: 0x100000000
[2024-01-24T16:43:28.532+0000][0.961s] GC(0) Pause Young (Normal) (G1 Evacuation Pause)
[2024-01-24T16:43:28.532+0000][0.961s] GC(0) Using 10 workers of 10 for evacuation
[2024-01-24T16:43:28.534+0000][0.964s] GC(0)   Pre Evacuate Collection Set: 0.1ms
[2024-01-24T16:43:28.535+0000][0.964s] GC(0)   Merge Heap Roots: 0.1ms
[2024-01-24T16:43:28.535+0000][0.964s] GC(0)   Evacuate Collection Set: 1.5ms
[2024-01-24T16:43:28.535+0000][0.965s] GC(0)   Post Evacuate Collection Set: 0.5ms
[2024-01-24T16:43:28.535+0000][0.965s] GC(0)   Other: 0.3ms
[2024-01-24T16:43:28.535+0000][0.965s] GC(0) Eden regions: 29->0(58)
[2024-01-24T16:43:28.535+0000][0.965s] GC(0) Survivor regions: 0->4(4)
[2024-01-24T16:43:28.535+0000][0.965s] GC(0) Old regions: 0->1
[2024-01-24T16:43:28.536+0000][0.965s] GC(0) Archive regions: 2->2
[2024-01-24T16:43:28.536+0000][0.965s] GC(0) Humongous regions: 0->0
[2024-01-24T16:43:28.536+0000][0.966s] GC(0) Metaspace: 9965K(10240K)->9965K(10240K) NonClass: 8724K(8832K)->8724K(8832K) Class: 1240K(1408K)->1240K(1408K)
[2024-01-24T16:43:28.536+0000][0.966s] GC(0) Pause Young (Normal) (G1 Evacuation Pause) 29M->5M(512M) 4.497ms
[2024-01-24T16:43:28.536+0000][0.966s] GC(0) User=0.01s Sys=0.01s Real=0.00s
[2024-01-24T16:43:29.033+0000][1.463s] GC(1) Pause Young (Normal) (G1 Evacuation Pause)
[2024-01-24T16:43:29.033+0000][1.463s] GC(1) Using 10 workers of 10 for evacuation
[2024-01-24T16:43:29.038+0000][1.468s] GC(1)   Pre Evacuate Collection Set: 0.1ms
[2024-01-24T16:43:29.038+0000][1.468s] GC(1)   Merge Heap Roots: 0.1ms
[2024-01-24T16:43:29.038+0000][1.468s] GC(1)   Evacuate Collection Set: 3.9ms
[2024-01-24T16:43:29.038+0000][1.468s] GC(1)   Post Evacuate Collection Set: 0.6ms
[2024-01-24T16:43:29.039+0000][1.468s] GC(1)   Other: 0.3ms
[2024-01-24T16:43:29.039+0000][1.468s] GC(1) Eden regions: 56->0(68)
[2024-01-24T16:43:29.039+0000][1.469s] GC(1) Survivor regions: 4->8(8)
[2024-01-24T16:43:29.039+0000][1.469s] GC(1) Old regions: 1->9
[2024-01-24T16:43:29.039+0000][1.469s] GC(1) Archive regions: 2->2
[2024-01-24T16:43:29.039+0000][1.469s] GC(1) Humongous regions: 4->4
[2024-01-24T16:43:29.039+0000][1.469s] GC(1) Metaspace: 17909K(18176K)->17909K(18176K) NonClass: 15695K(15872K)->15695K(15872K) Class: 2214K(2304K)->2214K(2304K)
[2024-01-24T16:43:29.039+0000][1.469s] GC(1) Pause Young (Normal) (G1 Evacuation Pause) 65M->21M(512M) 6.177ms
[2024-01-24T16:43:29.039+0000][1.469s] GC(1) User=0.03s Sys=0.01s Real=0.00s
[2024-01-24T16:43:29.277+0000][1.706s] GC(2) Pause Young (Concurrent Start) (Metadata GC Threshold)
[2024-01-24T16:43:29.277+0000][1.707s] GC(2) Using 10 workers of 10 for evacuation
[2024-01-24T16:43:29.280+0000][1.710s] GC(2)   Pre Evacuate Collection Set: 0.1ms
[2024-01-24T16:43:29.281+0000][1.710s] GC(2)   Merge Heap Roots: 0.1ms
[2024-01-24T16:43:29.281+0000][1.710s] GC(2)   Evacuate Collection Set: 2.5ms
[2024-01-24T16:43:29.281+0000][1.710s] GC(2)   Post Evacuate Collection Set: 0.4ms
[2024-01-24T16:43:29.281+0000][1.711s] GC(2)   Other: 0.4ms
[2024-01-24T16:43:29.281+0000][1.711s] GC(2) Eden regions: 33->0(85)
[2024-01-24T16:43:29.282+0000][1.711s] GC(2) Survivor regions: 8->3(10)
[2024-01-24T16:43:29.282+0000][1.711s] GC(2) Old regions: 9->18
[2024-01-24T16:43:29.282+0000][1.712s] GC(2) Archive regions: 2->2
[2024-01-24T16:43:29.282+0000][1.712s] GC(2) Humongous regions: 5->4
[2024-01-24T16:43:29.282+0000][1.712s] GC(2) Metaspace: 21198K(21504K)->21198K(21504K) NonClass: 18589K(18752K)->18589K(18752K) Class: 2609K(2752K)->2609K(2752K)
[2024-01-24T16:43:29.282+0000][1.712s] GC(2) Pause Young (Concurrent Start) (Metadata GC Threshold) 55M->24M(512M) 5.377ms
[2024-01-24T16:43:29.283+0000][1.712s] GC(2) User=0.01s Sys=0.00s Real=0.01s
[2024-01-24T16:43:29.283+0000][1.712s] GC(3) Concurrent Mark Cycle
[2024-01-24T16:43:29.283+0000][1.713s] GC(3) Concurrent Clear Claimed Marks
[2024-01-24T16:43:29.283+0000][1.713s] GC(3) Concurrent Clear Claimed Marks 0.146ms
[2024-01-24T16:43:29.283+0000][1.713s] GC(3) Concurrent Scan Root Regions
[2024-01-24T16:43:29.285+0000][1.714s] GC(3) Concurrent Scan Root Regions 1.469ms
[2024-01-24T16:43:29.285+0000][1.714s] GC(3) Concurrent Mark
[2024-01-24T16:43:29.285+0000][1.715s] GC(3) Concurrent Mark From Roots
[2024-01-24T16:43:29.285+0000][1.715s] GC(3) Using 3 workers of 3 for marking
[2024-01-24T16:43:29.289+0000][1.719s] GC(3) Concurrent Mark From Roots 4.061ms
[2024-01-24T16:43:29.289+0000][1.719s] GC(3) Concurrent Preclean
[2024-01-24T16:43:29.289+0000][1.719s] GC(3) Concurrent Preclean 0.157ms
[2024-01-24T16:43:29.290+0000][1.719s] GC(3) Pause Remark
[2024-01-24T16:43:29.291+0000][1.721s] GC(3) Pause Remark 25M->25M(512M) 1.729ms
[2024-01-24T16:43:29.291+0000][1.721s] GC(3) User=0.01s Sys=0.00s Real=0.01s
[2024-01-24T16:43:29.292+0000][1.721s] GC(3) Concurrent Mark 6.914ms
[2024-01-24T16:43:29.292+0000][1.721s] GC(3) Concurrent Rebuild Remembered Sets
[2024-01-24T16:43:29.295+0000][1.724s] GC(3) Concurrent Rebuild Remembered Sets 3.019ms
[2024-01-24T16:43:29.295+0000][1.725s] GC(3) Pause Cleanup
[2024-01-24T16:43:29.295+0000][1.725s] GC(3) Pause Cleanup 25M->25M(512M) 0.292ms
[2024-01-24T16:43:29.296+0000][1.725s] GC(3) User=0.00s Sys=0.00s Real=0.00s
[2024-01-24T16:43:29.296+0000][1.725s] GC(3) Concurrent Cleanup for Next Mark
[2024-01-24T16:43:29.296+0000][1.726s] GC(3) Concurrent Cleanup for Next Mark 0.761ms
[2024-01-24T16:43:29.297+0000][1.726s] GC(3) Concurrent Mark Cycle 13.931ms
[2024-01-24T16:43:30.249+0000][2.679s] GC(4) Pause Young (Normal) (G1 Evacuation Pause)
[2024-01-24T16:43:30.249+0000][2.679s] GC(4) Using 10 workers of 10 for evacuation
[2024-01-24T16:43:30.253+0000][2.683s] GC(4)   Pre Evacuate Collection Set: 0.1ms
[2024-01-24T16:43:30.254+0000][2.683s] GC(4)   Merge Heap Roots: 0.1ms
[2024-01-24T16:43:30.254+0000][2.683s] GC(4)   Evacuate Collection Set: 2.8ms
[2024-01-24T16:43:30.254+0000][2.683s] GC(4)   Post Evacuate Collection Set: 1.1ms
[2024-01-24T16:43:30.254+0000][2.684s] GC(4)   Other: 0.9ms
[2024-01-24T16:43:30.254+0000][2.684s] GC(4) Eden regions: 85->0(298)
[2024-01-24T16:43:30.254+0000][2.684s] GC(4) Survivor regions: 3->9(11)
[2024-01-24T16:43:30.254+0000][2.684s] GC(4) Old regions: 18->18
[2024-01-24T16:43:30.254+0000][2.684s] GC(4) Archive regions: 2->2
[2024-01-24T16:43:30.254+0000][2.684s] GC(4) Humongous regions: 4->4
[2024-01-24T16:43:30.254+0000][2.684s] GC(4) Metaspace: 35439K(35840K)->35439K(35840K) NonClass: 31005K(31232K)->31005K(31232K) Class: 4434K(4608K)->4434K(4608K)
[2024-01-24T16:43:30.255+0000][2.684s] GC(4) Pause Young (Normal) (G1 Evacuation Pause) 109M->30M(512M) 5.633ms
[2024-01-24T16:43:30.255+0000][2.684s] GC(4) User=0.02s Sys=0.00s Real=0.01s
[2024-01-24T16:43:30.260+0000][2.690s] GC(5) Pause Young (Concurrent Start) (Metadata GC Threshold)
[2024-01-24T16:43:30.261+0000][2.690s] GC(5) Using 10 workers of 10 for evacuation
[2024-01-24T16:43:30.263+0000][2.693s] GC(5)   Pre Evacuate Collection Set: 0.1ms
[2024-01-24T16:43:30.264+0000][2.693s] GC(5)   Merge Heap Roots: 0.1ms
[2024-01-24T16:43:30.264+0000][2.693s] GC(5)   Evacuate Collection Set: 1.9ms
[2024-01-24T16:43:30.264+0000][2.693s] GC(5)   Post Evacuate Collection Set: 0.4ms
[2024-01-24T16:43:30.264+0000][2.694s] GC(5)   Other: 0.4ms
[2024-01-24T16:43:30.264+0000][2.694s] GC(5) Eden regions: 1->0(298)
[2024-01-24T16:43:30.264+0000][2.694s] GC(5) Survivor regions: 9->9(39)
[2024-01-24T16:43:30.264+0000][2.694s] GC(5) Old regions: 18->18
[2024-01-24T16:43:30.264+0000][2.694s] GC(5) Archive regions: 2->2
[2024-01-24T16:43:30.264+0000][2.694s] GC(5) Humongous regions: 4->4
[2024-01-24T16:43:30.264+0000][2.694s] GC(5) Metaspace: 35617K(35968K)->35617K(35968K) NonClass: 31168K(31360K)->31168K(31360K) Class: 4449K(4608K)->4449K(4608K)
[2024-01-24T16:43:30.265+0000][2.694s] GC(5) Pause Young (Concurrent Start) (Metadata GC Threshold) 31M->30M(512M) 4.026ms
[2024-01-24T16:43:30.265+0000][2.694s] GC(5) User=0.02s Sys=0.00s Real=0.01s
[2024-01-24T16:43:30.265+0000][2.694s] GC(6) Concurrent Mark Cycle
[2024-01-24T16:43:30.265+0000][2.695s] GC(6) Concurrent Clear Claimed Marks
[2024-01-24T16:43:30.265+0000][2.695s] GC(6) Concurrent Clear Claimed Marks 0.162ms
[2024-01-24T16:43:30.265+0000][2.695s] GC(6) Concurrent Scan Root Regions
[2024-01-24T16:43:30.267+0000][2.696s] GC(6) Concurrent Scan Root Regions 1.392ms
[2024-01-24T16:43:30.267+0000][2.696s] GC(6) Concurrent Mark
[2024-01-24T16:43:30.267+0000][2.697s] GC(6) Concurrent Mark From Roots
[2024-01-24T16:43:30.267+0000][2.697s] GC(6) Using 3 workers of 3 for marking
[2024-01-24T16:43:30.273+0000][2.703s] GC(6) Concurrent Mark From Roots 5.984ms
[2024-01-24T16:43:30.273+0000][2.703s] GC(6) Concurrent Preclean
[2024-01-24T16:43:30.274+0000][2.703s] GC(6) Concurrent Preclean 0.273ms
[2024-01-24T16:43:30.274+0000][2.704s] GC(6) Pause Remark
[2024-01-24T16:43:30.276+0000][2.706s] GC(6) Pause Remark 31M->31M(512M) 1.598ms
[2024-01-24T16:43:30.276+0000][2.706s] GC(6) User=0.00s Sys=0.00s Real=0.00s
[2024-01-24T16:43:30.276+0000][2.706s] GC(6) Concurrent Mark 9.685ms
[2024-01-24T16:43:30.277+0000][2.706s] GC(6) Concurrent Rebuild Remembered Sets
[2024-01-24T16:43:30.280+0000][2.709s] GC(6) Concurrent Rebuild Remembered Sets 2.979ms
[2024-01-24T16:43:30.280+0000][2.710s] GC(6) Pause Cleanup
[2024-01-24T16:43:30.280+0000][2.710s] GC(6) Pause Cleanup 32M->32M(512M) 0.231ms
[2024-01-24T16:43:30.280+0000][2.710s] GC(6) User=0.00s Sys=0.00s Real=0.00s
[2024-01-24T16:43:30.280+0000][2.710s] GC(6) Concurrent Cleanup for Next Mark
[2024-01-24T16:43:30.281+0000][2.711s] GC(6) Concurrent Cleanup for Next Mark 0.712ms
[2024-01-24T16:43:30.281+0000][2.711s] GC(6) Concurrent Mark Cycle 16.478ms
[2024-01-24T16:55:08.633+0000][701.062s] Heap
[2024-01-24T16:55:08.633+0000][701.062s]  garbage-first heap   total 524288K, used 283421K [0x00000000e0000000, 0x0000000100000000)
[2024-01-24T16:55:08.633+0000][701.062s]   region size 1024K, 256 young (262144K), 9 survivors (9216K)
[2024-01-24T16:55:08.633+0000][701.062s]  Metaspace       used 57248K, committed 57792K, reserved 1114112K
[2024-01-24T16:55:08.633+0000][701.062s]   class space    used 7316K, committed 7552K, reserved 1048576K
