[2024-01-25T17:24:00.174+0000][0.059s] Using G1
[2024-01-25T17:24:00.471+0000][0.355s] Version: 17.0.9+9 (release)
[2024-01-25T17:24:00.471+0000][0.356s] CPUs: 12 total, 12 available
[2024-01-25T17:24:00.472+0000][0.356s] Memory: 7619M
[2024-01-25T17:24:00.472+0000][0.356s] Large Page Support: Disabled
[2024-01-25T17:24:00.472+0000][0.357s] NUMA Support: Disabled
[2024-01-25T17:24:00.472+0000][0.357s] Compressed Oops: Enabled (32-bit)
[2024-01-25T17:24:00.473+0000][0.357s] Heap Region Size: 1M
[2024-01-25T17:24:00.473+0000][0.357s] Heap Min Capacity: 512M
[2024-01-25T17:24:00.473+0000][0.357s] Heap Initial Capacity: 512M
[2024-01-25T17:24:00.474+0000][0.358s] Heap Max Capacity: 512M
[2024-01-25T17:24:00.474+0000][0.358s] Pre-touch: Enabled
[2024-01-25T17:24:00.474+0000][0.358s] Parallel Workers: 10
[2024-01-25T17:24:00.474+0000][0.358s] Concurrent Workers: 3
[2024-01-25T17:24:00.474+0000][0.359s] Concurrent Refinement Workers: 10
[2024-01-25T17:24:00.474+0000][0.359s] Periodic GC: Disabled
[2024-01-25T17:24:00.553+0000][0.437s] CDS archive(s) mapped at: [0x00007f9d67000000-0x00007f9d67a5f000-0x00007f9d67a5f000), size 10874880, SharedBaseAddress: 0x00007f9d67000000, ArchiveRelocationMode: 1.
[2024-01-25T17:24:00.553+0000][0.438s] Compressed class space mapped at: 0x00007f9d68000000-0x00007f9da8000000, reserved size: 1073741824
[2024-01-25T17:24:00.553+0000][0.438s] Narrow klass base: 0x00007f9d67000000, Narrow klass shift: 0, Narrow klass range: 0x100000000
[2024-01-25T17:24:01.148+0000][1.033s] GC(0) Pause Young (Normal) (G1 Evacuation Pause)
[2024-01-25T17:24:01.148+0000][1.033s] GC(0) Using 10 workers of 10 for evacuation
[2024-01-25T17:24:01.151+0000][1.036s] GC(0)   Pre Evacuate Collection Set: 0.1ms
[2024-01-25T17:24:01.151+0000][1.036s] GC(0)   Merge Heap Roots: 0.2ms
[2024-01-25T17:24:01.152+0000][1.036s] GC(0)   Evacuate Collection Set: 1.7ms
[2024-01-25T17:24:01.152+0000][1.036s] GC(0)   Post Evacuate Collection Set: 0.5ms
[2024-01-25T17:24:01.152+0000][1.036s] GC(0)   Other: 0.4ms
[2024-01-25T17:24:01.152+0000][1.036s] GC(0) Eden regions: 29->0(58)
[2024-01-25T17:24:01.152+0000][1.036s] GC(0) Survivor regions: 0->4(4)
[2024-01-25T17:24:01.152+0000][1.037s] GC(0) Old regions: 0->1
[2024-01-25T17:24:01.152+0000][1.037s] GC(0) Archive regions: 2->2
[2024-01-25T17:24:01.152+0000][1.037s] GC(0) Humongous regions: 0->0
[2024-01-25T17:24:01.152+0000][1.037s] GC(0) Metaspace: 9836K(10112K)->9836K(10112K) NonClass: 8627K(8768K)->8627K(8768K) Class: 1209K(1344K)->1209K(1344K)
[2024-01-25T17:24:01.153+0000][1.037s] GC(0) Pause Young (Normal) (G1 Evacuation Pause) 29M->5M(512M) 4.393ms
[2024-01-25T17:24:01.153+0000][1.037s] GC(0) User=0.02s Sys=0.00s Real=0.01s
[2024-01-25T17:24:01.828+0000][1.713s] GC(1) Pause Young (Normal) (G1 Evacuation Pause)
[2024-01-25T17:24:01.829+0000][1.713s] GC(1) Using 10 workers of 10 for evacuation
[2024-01-25T17:24:01.836+0000][1.721s] GC(1)   Pre Evacuate Collection Set: 0.1ms
[2024-01-25T17:24:01.836+0000][1.721s] GC(1)   Merge Heap Roots: 0.1ms
[2024-01-25T17:24:01.837+0000][1.721s] GC(1)   Evacuate Collection Set: 6.7ms
[2024-01-25T17:24:01.837+0000][1.721s] GC(1)   Post Evacuate Collection Set: 0.6ms
[2024-01-25T17:24:01.837+0000][1.721s] GC(1)   Other: 0.5ms
[2024-01-25T17:24:01.837+0000][1.721s] GC(1) Eden regions: 58->0(122)
[2024-01-25T17:24:01.837+0000][1.721s] GC(1) Survivor regions: 4->8(8)
[2024-01-25T17:24:01.837+0000][1.721s] GC(1) Old regions: 1->9
[2024-01-25T17:24:01.837+0000][1.721s] GC(1) Archive regions: 2->2
[2024-01-25T17:24:01.837+0000][1.722s] GC(1) Humongous regions: 4->4
[2024-01-25T17:24:01.837+0000][1.722s] GC(1) Metaspace: 17892K(18112K)->17892K(18112K) NonClass: 15678K(15808K)->15678K(15808K) Class: 2214K(2304K)->2214K(2304K)
[2024-01-25T17:24:01.837+0000][1.722s] GC(1) Pause Young (Normal) (G1 Evacuation Pause) 67M->21M(512M) 9.034ms
[2024-01-25T17:24:01.837+0000][1.722s] GC(1) User=0.03s Sys=0.03s Real=0.01s
[2024-01-25T17:24:02.111+0000][1.996s] GC(2) Pause Young (Concurrent Start) (Metadata GC Threshold)
[2024-01-25T17:24:02.111+0000][1.996s] GC(2) Using 10 workers of 10 for evacuation
[2024-01-25T17:24:02.115+0000][2.000s] GC(2)   Pre Evacuate Collection Set: 0.1ms
[2024-01-25T17:24:02.115+0000][2.000s] GC(2)   Merge Heap Roots: 0.1ms
[2024-01-25T17:24:02.116+0000][2.000s] GC(2)   Evacuate Collection Set: 2.4ms
[2024-01-25T17:24:02.116+0000][2.000s] GC(2)   Post Evacuate Collection Set: 0.5ms
[2024-01-25T17:24:02.116+0000][2.000s] GC(2)   Other: 1.0ms
[2024-01-25T17:24:02.116+0000][2.000s] GC(2) Eden regions: 31->0(154)
[2024-01-25T17:24:02.116+0000][2.000s] GC(2) Survivor regions: 8->10(17)
[2024-01-25T17:24:02.116+0000][2.000s] GC(2) Old regions: 9->9
[2024-01-25T17:24:02.116+0000][2.001s] GC(2) Archive regions: 2->2
[2024-01-25T17:24:02.116+0000][2.001s] GC(2) Humongous regions: 5->5
[2024-01-25T17:24:02.116+0000][2.001s] GC(2) Metaspace: 21178K(21504K)->21178K(21504K) NonClass: 18571K(18752K)->18571K(18752K) Class: 2607K(2752K)->2607K(2752K)
[2024-01-25T17:24:02.117+0000][2.001s] GC(2) Pause Young (Concurrent Start) (Metadata GC Threshold) 53M->24M(512M) 5.334ms
[2024-01-25T17:24:02.117+0000][2.001s] GC(2) User=0.02s Sys=0.01s Real=0.00s
[2024-01-25T17:24:02.117+0000][2.001s] GC(3) Concurrent Mark Cycle
[2024-01-25T17:24:02.117+0000][2.001s] GC(3) Concurrent Clear Claimed Marks
[2024-01-25T17:24:02.117+0000][2.002s] GC(3) Concurrent Clear Claimed Marks 0.166ms
[2024-01-25T17:24:02.117+0000][2.002s] GC(3) Concurrent Scan Root Regions
[2024-01-25T17:24:02.119+0000][2.003s] GC(3) Concurrent Scan Root Regions 1.271ms
[2024-01-25T17:24:02.119+0000][2.003s] GC(3) Concurrent Mark
[2024-01-25T17:24:02.119+0000][2.003s] GC(3) Concurrent Mark From Roots
[2024-01-25T17:24:02.119+0000][2.003s] GC(3) Using 3 workers of 3 for marking
[2024-01-25T17:24:02.123+0000][2.007s] GC(3) Concurrent Mark From Roots 4.012ms
[2024-01-25T17:24:02.123+0000][2.007s] GC(3) Concurrent Preclean
[2024-01-25T17:24:02.123+0000][2.007s] GC(3) Concurrent Preclean 0.165ms
[2024-01-25T17:24:02.123+0000][2.008s] GC(3) Pause Remark
[2024-01-25T17:24:02.125+0000][2.009s] GC(3) Pause Remark 26M->26M(512M) 1.579ms
[2024-01-25T17:24:02.125+0000][2.009s] GC(3) User=0.01s Sys=0.00s Real=0.00s
[2024-01-25T17:24:02.125+0000][2.009s] GC(3) Concurrent Mark 6.445ms
[2024-01-25T17:24:02.125+0000][2.010s] GC(3) Concurrent Rebuild Remembered Sets
[2024-01-25T17:24:02.125+0000][2.010s] GC(3) Concurrent Rebuild Remembered Sets 0.114ms
[2024-01-25T17:24:02.125+0000][2.010s] GC(3) Pause Cleanup
[2024-01-25T17:24:02.126+0000][2.010s] GC(3) Pause Cleanup 26M->26M(512M) 0.114ms
[2024-01-25T17:24:02.126+0000][2.010s] GC(3) User=0.00s Sys=0.00s Real=0.00s
[2024-01-25T17:24:02.126+0000][2.010s] GC(3) Concurrent Cleanup for Next Mark
[2024-01-25T17:24:02.126+0000][2.011s] GC(3) Concurrent Cleanup for Next Mark 0.571ms
[2024-01-25T17:24:02.127+0000][2.011s] GC(3) Concurrent Mark Cycle 9.810ms
[2024-01-25T17:24:03.197+0000][3.081s] GC(4) Pause Young (Concurrent Start) (Metadata GC Threshold)
[2024-01-25T17:24:03.197+0000][3.081s] GC(4) Using 10 workers of 10 for evacuation
[2024-01-25T17:24:03.204+0000][3.089s] GC(4)   Pre Evacuate Collection Set: 0.5ms
[2024-01-25T17:24:03.204+0000][3.089s] GC(4)   Merge Heap Roots: 0.1ms
[2024-01-25T17:24:03.204+0000][3.089s] GC(4)   Evacuate Collection Set: 5.0ms
[2024-01-25T17:24:03.204+0000][3.089s] GC(4)   Post Evacuate Collection Set: 1.4ms
[2024-01-25T17:24:03.205+0000][3.089s] GC(4)   Other: 0.4ms
[2024-01-25T17:24:03.205+0000][3.089s] GC(4) Eden regions: 99->0(122)
[2024-01-25T17:24:03.205+0000][3.089s] GC(4) Survivor regions: 10->17(21)
[2024-01-25T17:24:03.205+0000][3.089s] GC(4) Old regions: 9->9
[2024-01-25T17:24:03.205+0000][3.089s] GC(4) Archive regions: 2->2
[2024-01-25T17:24:03.205+0000][3.090s] GC(4) Humongous regions: 5->4
[2024-01-25T17:24:03.205+0000][3.090s] GC(4) Metaspace: 35592K(35968K)->35592K(35968K) NonClass: 31133K(31296K)->31133K(31296K) Class: 4458K(4672K)->4458K(4672K)
[2024-01-25T17:24:03.205+0000][3.090s] GC(4) Pause Young (Concurrent Start) (Metadata GC Threshold) 123M->30M(512M) 8.644ms
[2024-01-25T17:24:03.206+0000][3.090s] GC(4) User=0.05s Sys=0.00s Real=0.01s
[2024-01-25T17:24:03.206+0000][3.090s] GC(5) Concurrent Mark Cycle
[2024-01-25T17:24:03.206+0000][3.091s] GC(5) Concurrent Clear Claimed Marks
[2024-01-25T17:24:03.207+0000][3.091s] GC(5) Concurrent Clear Claimed Marks 0.572ms
[2024-01-25T17:24:03.207+0000][3.091s] GC(5) Concurrent Scan Root Regions
[2024-01-25T17:24:03.209+0000][3.094s] GC(5) Concurrent Scan Root Regions 2.370ms
[2024-01-25T17:24:03.209+0000][3.094s] GC(5) Concurrent Mark
[2024-01-25T17:24:03.210+0000][3.094s] GC(5) Concurrent Mark From Roots
[2024-01-25T17:24:03.210+0000][3.094s] GC(5) Using 3 workers of 3 for marking
[2024-01-25T17:24:03.214+0000][3.098s] GC(5) Concurrent Mark From Roots 4.103ms
[2024-01-25T17:24:03.214+0000][3.098s] GC(5) Concurrent Preclean
[2024-01-25T17:24:03.214+0000][3.098s] GC(5) Concurrent Preclean 0.171ms
[2024-01-25T17:24:03.214+0000][3.099s] GC(5) Pause Remark
[2024-01-25T17:24:03.216+0000][3.100s] GC(5) Pause Remark 31M->31M(512M) 1.614ms
[2024-01-25T17:24:03.216+0000][3.100s] GC(5) User=0.01s Sys=0.00s Real=0.00s
[2024-01-25T17:24:03.216+0000][3.101s] GC(5) Concurrent Mark 6.762ms
[2024-01-25T17:24:03.216+0000][3.101s] GC(5) Concurrent Rebuild Remembered Sets
[2024-01-25T17:24:03.216+0000][3.101s] GC(5) Concurrent Rebuild Remembered Sets 0.163ms
[2024-01-25T17:24:03.217+0000][3.101s] GC(5) Pause Cleanup
[2024-01-25T17:24:03.217+0000][3.101s] GC(5) Pause Cleanup 31M->31M(512M) 0.137ms
[2024-01-25T17:24:03.217+0000][3.101s] GC(5) User=0.00s Sys=0.00s Real=0.00s
[2024-01-25T17:24:03.217+0000][3.102s] GC(5) Concurrent Cleanup for Next Mark
[2024-01-25T17:24:03.218+0000][3.102s] GC(5) Concurrent Cleanup for Next Mark 0.675ms
[2024-01-25T17:24:03.218+0000][3.103s] GC(5) Concurrent Mark Cycle 12.442ms
[2024-01-25T17:24:04.847+0000][4.731s] GC(6) Pause Young (Normal) (G1 Evacuation Pause)
[2024-01-25T17:24:04.847+0000][4.732s] GC(6) Using 10 workers of 10 for evacuation
[2024-01-25T17:24:04.860+0000][4.744s] GC(6)   Pre Evacuate Collection Set: 0.2ms
[2024-01-25T17:24:04.860+0000][4.745s] GC(6)   Merge Heap Roots: 0.1ms
[2024-01-25T17:24:04.860+0000][4.745s] GC(6)   Evacuate Collection Set: 10.3ms
[2024-01-25T17:24:04.861+0000][4.745s] GC(6)   Post Evacuate Collection Set: 2.0ms
[2024-01-25T17:24:04.861+0000][4.745s] GC(6)   Other: 0.5ms
[2024-01-25T17:24:04.861+0000][4.745s] GC(6) Eden regions: 122->0(289)
[2024-01-25T17:24:04.861+0000][4.745s] GC(6) Survivor regions: 17->18(18)
[2024-01-25T17:24:04.861+0000][4.746s] GC(6) Old regions: 9->19
[2024-01-25T17:24:04.861+0000][4.746s] GC(6) Archive regions: 2->2
[2024-01-25T17:24:04.861+0000][4.746s] GC(6) Humongous regions: 4->4
[2024-01-25T17:24:04.862+0000][4.746s] GC(6) Metaspace: 48336K(48832K)->48336K(48832K) NonClass: 42160K(42432K)->42160K(42432K) Class: 6175K(6400K)->6175K(6400K)
[2024-01-25T17:24:04.862+0000][4.746s] GC(6) Pause Young (Normal) (G1 Evacuation Pause) 152M->40M(512M) 14.939ms
[2024-01-25T17:24:04.862+0000][4.746s] GC(6) User=0.09s Sys=0.00s Real=0.02s
[2024-01-25T20:46:52.144+0000][7516.101s] Heap
[2024-01-25T20:46:52.145+0000][7516.101s]  garbage-first heap   total 524288K, used 108496K [0x00000000e0000000, 0x0000000100000000)
[2024-01-25T20:46:52.145+0000][7516.102s]   region size 1024K, 83 young (84992K), 18 survivors (18432K)
[2024-01-25T20:46:52.145+0000][7516.102s]  Metaspace       used 54759K, committed 55296K, reserved 1114112K
[2024-01-25T20:46:52.145+0000][7516.102s]   class space    used 7068K, committed 7360K, reserved 1048576K
