[2024-01-24T19:09:14.614+0000][0.093s] Using G1
[2024-01-24T19:09:14.696+0000][0.174s] Version: 17.0.9+9 (release)
[2024-01-24T19:09:14.696+0000][0.175s] CPUs: 12 total, 12 available
[2024-01-24T19:09:14.696+0000][0.175s] Memory: 7619M
[2024-01-24T19:09:14.696+0000][0.175s] Large Page Support: Disabled
[2024-01-24T19:09:14.697+0000][0.175s] NUMA Support: Disabled
[2024-01-24T19:09:14.697+0000][0.175s] Compressed Oops: Enabled (32-bit)
[2024-01-24T19:09:14.697+0000][0.175s] Heap Region Size: 1M
[2024-01-24T19:09:14.697+0000][0.175s] Heap Min Capacity: 512M
[2024-01-24T19:09:14.697+0000][0.175s] Heap Initial Capacity: 512M
[2024-01-24T19:09:14.697+0000][0.176s] Heap Max Capacity: 512M
[2024-01-24T19:09:14.697+0000][0.176s] Pre-touch: Enabled
[2024-01-24T19:09:14.697+0000][0.176s] Parallel Workers: 10
[2024-01-24T19:09:14.698+0000][0.176s] Concurrent Workers: 3
[2024-01-24T19:09:14.698+0000][0.176s] Concurrent Refinement Workers: 10
[2024-01-24T19:09:14.698+0000][0.176s] Periodic GC: Disabled
[2024-01-24T19:09:14.704+0000][0.183s] CDS archive(s) mapped at: [0x00007f2beb000000-0x00007f2beba5f000-0x00007f2beba5f000), size 10874880, SharedBaseAddress: 0x00007f2beb000000, ArchiveRelocationMode: 1.
[2024-01-24T19:09:14.704+0000][0.183s] Compressed class space mapped at: 0x00007f2bec000000-0x00007f2c2c000000, reserved size: 1073741824
[2024-01-24T19:09:14.705+0000][0.183s] Narrow klass base: 0x00007f2beb000000, Narrow klass shift: 0, Narrow klass range: 0x100000000
[2024-01-24T19:09:15.848+0000][1.326s] GC(0) Pause Young (Normal) (G1 Evacuation Pause)
[2024-01-24T19:09:15.848+0000][1.327s] GC(0) Using 10 workers of 10 for evacuation
[2024-01-24T19:09:15.852+0000][1.330s] GC(0)   Pre Evacuate Collection Set: 0.1ms
[2024-01-24T19:09:15.852+0000][1.331s] GC(0)   Merge Heap Roots: 0.2ms
[2024-01-24T19:09:15.852+0000][1.331s] GC(0)   Evacuate Collection Set: 2.0ms
[2024-01-24T19:09:15.852+0000][1.331s] GC(0)   Post Evacuate Collection Set: 0.9ms
[2024-01-24T19:09:15.853+0000][1.331s] GC(0)   Other: 1.4ms
[2024-01-24T19:09:15.853+0000][1.331s] GC(0) Eden regions: 29->0(58)
[2024-01-24T19:09:15.853+0000][1.331s] GC(0) Survivor regions: 0->4(4)
[2024-01-24T19:09:15.853+0000][1.331s] GC(0) Old regions: 0->1
[2024-01-24T19:09:15.853+0000][1.332s] GC(0) Archive regions: 2->2
[2024-01-24T19:09:15.853+0000][1.332s] GC(0) Humongous regions: 0->0
[2024-01-24T19:09:15.853+0000][1.332s] GC(0) Metaspace: 9875K(10112K)->9875K(10112K) NonClass: 8660K(8768K)->8660K(8768K) Class: 1215K(1344K)->1215K(1344K)
[2024-01-24T19:09:15.854+0000][1.332s] GC(0) Pause Young (Normal) (G1 Evacuation Pause) 29M->5M(512M) 5.684ms
[2024-01-24T19:09:15.854+0000][1.332s] GC(0) User=0.02s Sys=0.00s Real=0.00s
[2024-01-24T19:09:16.655+0000][2.134s] GC(1) Pause Young (Normal) (G1 Evacuation Pause)
[2024-01-24T19:09:16.656+0000][2.134s] GC(1) Using 10 workers of 10 for evacuation
[2024-01-24T19:09:16.662+0000][2.140s] GC(1)   Pre Evacuate Collection Set: 0.1ms
[2024-01-24T19:09:16.662+0000][2.140s] GC(1)   Merge Heap Roots: 0.1ms
[2024-01-24T19:09:16.662+0000][2.141s] GC(1)   Evacuate Collection Set: 5.1ms
[2024-01-24T19:09:16.662+0000][2.141s] GC(1)   Post Evacuate Collection Set: 0.8ms
[2024-01-24T19:09:16.662+0000][2.141s] GC(1)   Other: 0.4ms
[2024-01-24T19:09:16.663+0000][2.141s] GC(1) Eden regions: 55->0(125)
[2024-01-24T19:09:16.663+0000][2.141s] GC(1) Survivor regions: 4->8(8)
[2024-01-24T19:09:16.663+0000][2.141s] GC(1) Old regions: 1->9
[2024-01-24T19:09:16.663+0000][2.141s] GC(1) Archive regions: 2->2
[2024-01-24T19:09:16.663+0000][2.142s] GC(1) Humongous regions: 4->4
[2024-01-24T19:09:16.663+0000][2.142s] GC(1) Metaspace: 17936K(18176K)->17936K(18176K) NonClass: 15722K(15872K)->15722K(15872K) Class: 2214K(2304K)->2214K(2304K)
[2024-01-24T19:09:16.663+0000][2.142s] GC(1) Pause Young (Normal) (G1 Evacuation Pause) 64M->21M(512M) 7.994ms
[2024-01-24T19:09:16.664+0000][2.142s] GC(1) User=0.06s Sys=0.00s Real=0.01s
[2024-01-24T19:09:17.032+0000][2.511s] GC(2) Pause Young (Concurrent Start) (Metadata GC Threshold)
[2024-01-24T19:09:17.032+0000][2.511s] GC(2) Using 10 workers of 10 for evacuation
[2024-01-24T19:09:17.037+0000][2.515s] GC(2)   Pre Evacuate Collection Set: 0.1ms
[2024-01-24T19:09:17.037+0000][2.515s] GC(2)   Merge Heap Roots: 0.1ms
[2024-01-24T19:09:17.037+0000][2.516s] GC(2)   Evacuate Collection Set: 2.7ms
[2024-01-24T19:09:17.037+0000][2.516s] GC(2)   Post Evacuate Collection Set: 0.8ms
[2024-01-24T19:09:17.037+0000][2.516s] GC(2)   Other: 0.9ms
[2024-01-24T19:09:17.038+0000][2.516s] GC(2) Eden regions: 33->0(101)
[2024-01-24T19:09:17.038+0000][2.516s] GC(2) Survivor regions: 8->8(14)
[2024-01-24T19:09:17.038+0000][2.516s] GC(2) Old regions: 9->13
[2024-01-24T19:09:17.038+0000][2.516s] GC(2) Archive regions: 2->2
[2024-01-24T19:09:17.038+0000][2.516s] GC(2) Humongous regions: 5->5
[2024-01-24T19:09:17.038+0000][2.517s] GC(2) Metaspace: 21219K(21504K)->21219K(21504K) NonClass: 18612K(18752K)->18612K(18752K) Class: 2607K(2752K)->2607K(2752K)
[2024-01-24T19:09:17.038+0000][2.517s] GC(2) Pause Young (Concurrent Start) (Metadata GC Threshold) 54M->25M(512M) 6.146ms
[2024-01-24T19:09:17.038+0000][2.517s] GC(2) User=0.02s Sys=0.01s Real=0.01s
[2024-01-24T19:09:17.039+0000][2.517s] GC(3) Concurrent Mark Cycle
[2024-01-24T19:09:17.039+0000][2.517s] GC(3) Concurrent Clear Claimed Marks
[2024-01-24T19:09:17.039+0000][2.517s] GC(3) Concurrent Clear Claimed Marks 0.175ms
[2024-01-24T19:09:17.039+0000][2.518s] GC(3) Concurrent Scan Root Regions
[2024-01-24T19:09:17.041+0000][2.519s] GC(3) Concurrent Scan Root Regions 1.633ms
[2024-01-24T19:09:17.041+0000][2.519s] GC(3) Concurrent Mark
[2024-01-24T19:09:17.041+0000][2.520s] GC(3) Concurrent Mark From Roots
[2024-01-24T19:09:17.041+0000][2.520s] GC(3) Using 3 workers of 3 for marking
[2024-01-24T19:09:17.045+0000][2.523s] GC(3) Concurrent Mark From Roots 3.908ms
[2024-01-24T19:09:17.045+0000][2.524s] GC(3) Concurrent Preclean
[2024-01-24T19:09:17.045+0000][2.524s] GC(3) Concurrent Preclean 0.170ms
[2024-01-24T19:09:17.046+0000][2.524s] GC(3) Pause Remark
[2024-01-24T19:09:17.047+0000][2.526s] GC(3) Pause Remark 27M->27M(512M) 1.660ms
[2024-01-24T19:09:17.047+0000][2.526s] GC(3) User=0.01s Sys=0.00s Real=0.01s
[2024-01-24T19:09:17.048+0000][2.526s] GC(3) Concurrent Mark 6.603ms
[2024-01-24T19:09:17.048+0000][2.526s] GC(3) Concurrent Rebuild Remembered Sets
[2024-01-24T19:09:17.050+0000][2.528s] GC(3) Concurrent Rebuild Remembered Sets 2.013ms
[2024-01-24T19:09:17.050+0000][2.528s] GC(3) Pause Cleanup
[2024-01-24T19:09:17.050+0000][2.529s] GC(3) Pause Cleanup 27M->27M(512M) 0.319ms
[2024-01-24T19:09:17.050+0000][2.529s] GC(3) User=0.00s Sys=0.00s Real=0.00s
[2024-01-24T19:09:17.050+0000][2.529s] GC(3) Concurrent Cleanup for Next Mark
[2024-01-24T19:09:17.051+0000][2.530s] GC(3) Concurrent Cleanup for Next Mark 0.767ms
[2024-01-24T19:09:17.052+0000][2.530s] GC(3) Concurrent Mark Cycle 13.063ms
[2024-01-24T19:09:18.589+0000][4.068s] GC(4) Pause Young (Prepare Mixed) (Metadata GC Threshold)
[2024-01-24T19:09:18.590+0000][4.068s] GC(4) Using 10 workers of 10 for evacuation
[2024-01-24T19:09:18.594+0000][4.073s] GC(4)   Pre Evacuate Collection Set: 0.1ms
[2024-01-24T19:09:18.594+0000][4.073s] GC(4)   Merge Heap Roots: 0.1ms
[2024-01-24T19:09:18.595+0000][4.073s] GC(4)   Evacuate Collection Set: 3.5ms
[2024-01-24T19:09:18.595+0000][4.073s] GC(4)   Post Evacuate Collection Set: 0.8ms
[2024-01-24T19:09:18.595+0000][4.073s] GC(4)   Other: 0.8ms
[2024-01-24T19:09:18.595+0000][4.073s] GC(4) Eden regions: 94->0(11)
[2024-01-24T19:09:18.595+0000][4.074s] GC(4) Survivor regions: 8->14(14)
[2024-01-24T19:09:18.595+0000][4.074s] GC(4) Old regions: 13->13
[2024-01-24T19:09:18.595+0000][4.074s] GC(4) Archive regions: 2->2
[2024-01-24T19:09:18.595+0000][4.074s] GC(4) Humongous regions: 5->4
[2024-01-24T19:09:18.595+0000][4.074s] GC(4) Metaspace: 35651K(35968K)->35651K(35968K) NonClass: 31205K(31360K)->31205K(31360K) Class: 4445K(4608K)->4445K(4608K)
[2024-01-24T19:09:18.596+0000][4.074s] GC(4) Pause Young (Prepare Mixed) (Metadata GC Threshold) 119M->30M(512M) 6.544ms
[2024-01-24T19:09:18.596+0000][4.074s] GC(4) User=0.03s Sys=0.01s Real=0.00s
[2024-01-24T19:09:18.609+0000][4.087s] GC(5) Pause Young (Mixed) (Metadata GC Threshold)
[2024-01-24T19:09:18.609+0000][4.088s] GC(5) Using 10 workers of 10 for evacuation
[2024-01-24T19:09:18.613+0000][4.092s] GC(5)   Pre Evacuate Collection Set: 0.1ms
[2024-01-24T19:09:18.613+0000][4.092s] GC(5)   Merge Heap Roots: 0.1ms
[2024-01-24T19:09:18.613+0000][4.092s] GC(5)   Evacuate Collection Set: 3.2ms
[2024-01-24T19:09:18.614+0000][4.092s] GC(5)   Post Evacuate Collection Set: 0.4ms
[2024-01-24T19:09:18.614+0000][4.092s] GC(5)   Other: 0.5ms
[2024-01-24T19:09:18.614+0000][4.092s] GC(5) Eden regions: 2->0(143)
[2024-01-24T19:09:18.614+0000][4.093s] GC(5) Survivor regions: 14->2(4)
[2024-01-24T19:09:18.614+0000][4.093s] GC(5) Old regions: 13->26
[2024-01-24T19:09:18.614+0000][4.093s] GC(5) Archive regions: 2->2
[2024-01-24T19:09:18.614+0000][4.093s] GC(5) Humongous regions: 4->4
[2024-01-24T19:09:18.614+0000][4.093s] GC(5) Metaspace: 35910K(36288K)->35910K(36288K) NonClass: 31427K(31616K)->31427K(31616K) Class: 4482K(4672K)->4482K(4672K)
[2024-01-24T19:09:18.615+0000][4.093s] GC(5) Pause Young (Mixed) (Metadata GC Threshold) 32M->32M(512M) 5.849ms
[2024-01-24T19:09:18.615+0000][4.093s] GC(5) User=0.03s Sys=0.00s Real=0.00s
[2024-01-24T19:09:18.627+0000][4.105s] GC(6) Pause Young (Concurrent Start) (Metadata GC Threshold)
[2024-01-24T19:09:18.627+0000][4.106s] GC(6) Using 10 workers of 10 for evacuation
[2024-01-24T19:09:18.629+0000][4.107s] GC(6)   Pre Evacuate Collection Set: 0.1ms
[2024-01-24T19:09:18.629+0000][4.107s] GC(6)   Merge Heap Roots: 0.1ms
[2024-01-24T19:09:18.629+0000][4.107s] GC(6)   Evacuate Collection Set: 0.6ms
[2024-01-24T19:09:18.629+0000][4.107s] GC(6)   Post Evacuate Collection Set: 0.4ms
[2024-01-24T19:09:18.629+0000][4.108s] GC(6)   Other: 0.3ms
[2024-01-24T19:09:18.629+0000][4.108s] GC(6) Eden regions: 2->0(159)
[2024-01-24T19:09:18.629+0000][4.108s] GC(6) Survivor regions: 2->1(19)
[2024-01-24T19:09:18.630+0000][4.108s] GC(6) Old regions: 26->26
[2024-01-24T19:09:18.630+0000][4.108s] GC(6) Archive regions: 2->2
[2024-01-24T19:09:18.630+0000][4.108s] GC(6) Humongous regions: 4->4
[2024-01-24T19:09:18.630+0000][4.108s] GC(6) Metaspace: 36196K(36608K)->36196K(36608K) NonClass: 31671K(31872K)->31671K(31872K) Class: 4525K(4736K)->4525K(4736K)
[2024-01-24T19:09:18.630+0000][4.108s] GC(6) Pause Young (Concurrent Start) (Metadata GC Threshold) 33M->30M(512M) 3.057ms
[2024-01-24T19:09:18.630+0000][4.109s] GC(6) User=0.00s Sys=0.00s Real=0.00s
[2024-01-24T19:09:18.630+0000][4.109s] GC(7) Concurrent Mark Cycle
[2024-01-24T19:09:18.630+0000][4.109s] GC(7) Concurrent Clear Claimed Marks
[2024-01-24T19:09:18.631+0000][4.109s] GC(7) Concurrent Clear Claimed Marks 0.117ms
[2024-01-24T19:09:18.631+0000][4.109s] GC(7) Concurrent Scan Root Regions
[2024-01-24T19:09:18.631+0000][4.110s] GC(7) Concurrent Scan Root Regions 0.672ms
[2024-01-24T19:09:18.631+0000][4.110s] GC(7) Concurrent Mark
[2024-01-24T19:09:18.632+0000][4.110s] GC(7) Concurrent Mark From Roots
[2024-01-24T19:09:18.632+0000][4.110s] GC(7) Using 3 workers of 3 for marking
[2024-01-24T19:09:18.642+0000][4.120s] GC(7) Concurrent Mark From Roots 10.411ms
[2024-01-24T19:09:18.642+0000][4.121s] GC(7) Concurrent Preclean
[2024-01-24T19:09:18.642+0000][4.121s] GC(7) Concurrent Preclean 0.288ms
[2024-01-24T19:09:18.643+0000][4.121s] GC(7) Pause Remark
[2024-01-24T19:09:18.644+0000][4.123s] GC(7) Pause Remark 32M->32M(512M) 1.787ms
[2024-01-24T19:09:18.645+0000][4.123s] GC(7) User=0.01s Sys=0.00s Real=0.00s
[2024-01-24T19:09:18.645+0000][4.123s] GC(7) Concurrent Mark 13.268ms
[2024-01-24T19:09:18.645+0000][4.123s] GC(7) Concurrent Rebuild Remembered Sets
[2024-01-24T19:09:18.650+0000][4.129s] GC(7) Concurrent Rebuild Remembered Sets 5.227ms
[2024-01-24T19:09:18.651+0000][4.129s] GC(7) Pause Cleanup
[2024-01-24T19:09:18.651+0000][4.129s] GC(7) Pause Cleanup 32M->32M(512M) 0.277ms
[2024-01-24T19:09:18.651+0000][4.129s] GC(7) User=0.00s Sys=0.00s Real=0.00s
[2024-01-24T19:09:18.651+0000][4.130s] GC(7) Concurrent Cleanup for Next Mark
[2024-01-24T19:09:18.652+0000][4.130s] GC(7) Concurrent Cleanup for Next Mark 0.727ms
[2024-01-24T19:09:18.652+0000][4.130s] GC(7) Concurrent Mark Cycle 21.747ms
[2024-01-24T19:17:06.782+0000][472.262s] GC(8) Pause Young (Normal) (G1 Evacuation Pause)
[2024-01-24T19:17:06.782+0000][472.262s] GC(8) Using 10 workers of 10 for evacuation
[2024-01-24T19:17:06.791+0000][472.271s] GC(8)   Pre Evacuate Collection Set: 0.2ms
[2024-01-24T19:17:06.792+0000][472.271s] GC(8)   Merge Heap Roots: 0.2ms
[2024-01-24T19:17:06.792+0000][472.272s] GC(8)   Evacuate Collection Set: 7.5ms
[2024-01-24T19:17:06.792+0000][472.272s] GC(8)   Post Evacuate Collection Set: 0.9ms
[2024-01-24T19:17:06.792+0000][472.272s] GC(8)   Other: 0.6ms
[2024-01-24T19:17:06.792+0000][472.272s] GC(8) Eden regions: 159->0(292)
[2024-01-24T19:17:06.792+0000][472.272s] GC(8) Survivor regions: 1->15(20)
[2024-01-24T19:17:06.792+0000][472.272s] GC(8) Old regions: 26->26
[2024-01-24T19:17:06.793+0000][472.272s] GC(8) Archive regions: 2->2
[2024-01-24T19:17:06.793+0000][472.272s] GC(8) Humongous regions: 4->4
[2024-01-24T19:17:06.793+0000][472.272s] GC(8) Metaspace: 51469K(51968K)->51469K(51968K) NonClass: 44850K(45120K)->44850K(45120K) Class: 6619K(6848K)->6619K(6848K)
[2024-01-24T19:17:06.793+0000][472.273s] GC(8) Pause Young (Normal) (G1 Evacuation Pause) 189M->45M(512M) 10.737ms
[2024-01-24T19:17:06.793+0000][472.273s] GC(8) User=0.06s Sys=0.00s Real=0.01s
[2024-01-24T19:17:06.856+0000][472.336s] Heap
[2024-01-24T19:17:06.856+0000][472.336s]  garbage-first heap   total 524288K, used 55538K [0x00000000e0000000, 0x0000000100000000)
[2024-01-24T19:17:06.856+0000][472.336s]   region size 1024K, 24 young (24576K), 15 survivors (15360K)
[2024-01-24T19:17:06.857+0000][472.336s]  Metaspace       used 51646K, committed 52096K, reserved 1114112K
[2024-01-24T19:17:06.857+0000][472.336s]   class space    used 6647K, committed 6848K, reserved 1048576K
