[2024-01-25T14:58:11.365+0000][0.093s] Using G1
[2024-01-25T14:58:11.465+0000][0.193s] Version: 17.0.9+9 (release)
[2024-01-25T14:58:11.465+0000][0.193s] CPUs: 12 total, 12 available
[2024-01-25T14:58:11.466+0000][0.193s] Memory: 7619M
[2024-01-25T14:58:11.466+0000][0.194s] Large Page Support: Disabled
[2024-01-25T14:58:11.466+0000][0.194s] NUMA Support: Disabled
[2024-01-25T14:58:11.466+0000][0.194s] Compressed Oops: Enabled (32-bit)
[2024-01-25T14:58:11.467+0000][0.194s] Heap Region Size: 1M
[2024-01-25T14:58:11.467+0000][0.195s] Heap Min Capacity: 512M
[2024-01-25T14:58:11.467+0000][0.195s] Heap Initial Capacity: 512M
[2024-01-25T14:58:11.467+0000][0.195s] Heap Max Capacity: 512M
[2024-01-25T14:58:11.468+0000][0.195s] Pre-touch: Enabled
[2024-01-25T14:58:11.468+0000][0.195s] Parallel Workers: 10
[2024-01-25T14:58:11.468+0000][0.196s] Concurrent Workers: 3
[2024-01-25T14:58:11.468+0000][0.196s] Concurrent Refinement Workers: 10
[2024-01-25T14:58:11.468+0000][0.196s] Periodic GC: Disabled
[2024-01-25T14:58:11.476+0000][0.203s] CDS archive(s) mapped at: [0x00007fc81f000000-0x00007fc81fa5f000-0x00007fc81fa5f000), size 10874880, SharedBaseAddress: 0x00007fc81f000000, ArchiveRelocationMode: 1.
[2024-01-25T14:58:11.476+0000][0.204s] Compressed class space mapped at: 0x00007fc820000000-0x00007fc860000000, reserved size: 1073741824
[2024-01-25T14:58:11.476+0000][0.204s] Narrow klass base: 0x00007fc81f000000, Narrow klass shift: 0, Narrow klass range: 0x100000000
[2024-01-25T14:58:12.374+0000][1.102s] GC(0) Pause Young (Normal) (G1 Evacuation Pause)
[2024-01-25T14:58:12.374+0000][1.102s] GC(0) Using 10 workers of 10 for evacuation
[2024-01-25T14:58:12.378+0000][1.105s] GC(0)   Pre Evacuate Collection Set: 0.2ms
[2024-01-25T14:58:12.378+0000][1.105s] GC(0)   Merge Heap Roots: 0.2ms
[2024-01-25T14:58:12.378+0000][1.106s] GC(0)   Evacuate Collection Set: 2.1ms
[2024-01-25T14:58:12.378+0000][1.106s] GC(0)   Post Evacuate Collection Set: 0.6ms
[2024-01-25T14:58:12.378+0000][1.106s] GC(0)   Other: 0.4ms
[2024-01-25T14:58:12.379+0000][1.106s] GC(0) Eden regions: 29->0(58)
[2024-01-25T14:58:12.379+0000][1.106s] GC(0) Survivor regions: 0->4(4)
[2024-01-25T14:58:12.379+0000][1.107s] GC(0) Old regions: 0->1
[2024-01-25T14:58:12.379+0000][1.107s] GC(0) Archive regions: 2->2
[2024-01-25T14:58:12.379+0000][1.107s] GC(0) Humongous regions: 0->0
[2024-01-25T14:58:12.379+0000][1.107s] GC(0) Metaspace: 9995K(10240K)->9995K(10240K) NonClass: 8753K(8832K)->8753K(8832K) Class: 1241K(1408K)->1241K(1408K)
[2024-01-25T14:58:12.380+0000][1.107s] GC(0) Pause Young (Normal) (G1 Evacuation Pause) 29M->5M(512M) 5.561ms
[2024-01-25T14:58:12.380+0000][1.107s] GC(0) User=0.01s Sys=0.00s Real=0.00s
[2024-01-25T14:58:13.000+0000][1.728s] GC(1) Pause Young (Normal) (G1 Evacuation Pause)
[2024-01-25T14:58:13.000+0000][1.728s] GC(1) Using 10 workers of 10 for evacuation
[2024-01-25T14:58:13.006+0000][1.734s] GC(1)   Pre Evacuate Collection Set: 0.2ms
[2024-01-25T14:58:13.006+0000][1.734s] GC(1)   Merge Heap Roots: 0.1ms
[2024-01-25T14:58:13.006+0000][1.734s] GC(1)   Evacuate Collection Set: 4.2ms
[2024-01-25T14:58:13.006+0000][1.734s] GC(1)   Post Evacuate Collection Set: 0.9ms
[2024-01-25T14:58:13.007+0000][1.734s] GC(1)   Other: 0.6ms
[2024-01-25T14:58:13.007+0000][1.734s] GC(1) Eden regions: 58->0(188)
[2024-01-25T14:58:13.007+0000][1.735s] GC(1) Survivor regions: 4->8(8)
[2024-01-25T14:58:13.007+0000][1.735s] GC(1) Old regions: 1->9
[2024-01-25T14:58:13.007+0000][1.735s] GC(1) Archive regions: 2->2
[2024-01-25T14:58:13.007+0000][1.735s] GC(1) Humongous regions: 4->4
[2024-01-25T14:58:13.007+0000][1.735s] GC(1) Metaspace: 17957K(18240K)->17957K(18240K) NonClass: 15743K(15936K)->15743K(15936K) Class: 2214K(2304K)->2214K(2304K)
[2024-01-25T14:58:13.007+0000][1.735s] GC(1) Pause Young (Normal) (G1 Evacuation Pause) 67M->21M(512M) 7.516ms
[2024-01-25T14:58:13.008+0000][1.735s] GC(1) User=0.05s Sys=0.01s Real=0.01s
[2024-01-25T14:58:13.313+0000][2.041s] GC(2) Pause Young (Concurrent Start) (Metadata GC Threshold)
[2024-01-25T14:58:13.313+0000][2.041s] GC(2) Using 10 workers of 10 for evacuation
[2024-01-25T14:58:13.317+0000][2.045s] GC(2)   Pre Evacuate Collection Set: 0.2ms
[2024-01-25T14:58:13.317+0000][2.045s] GC(2)   Merge Heap Roots: 0.1ms
[2024-01-25T14:58:13.318+0000][2.045s] GC(2)   Evacuate Collection Set: 2.7ms
[2024-01-25T14:58:13.318+0000][2.045s] GC(2)   Post Evacuate Collection Set: 0.6ms
[2024-01-25T14:58:13.318+0000][2.046s] GC(2)   Other: 0.5ms
[2024-01-25T14:58:13.318+0000][2.046s] GC(2) Eden regions: 30->0(297)
[2024-01-25T14:58:13.318+0000][2.046s] GC(2) Survivor regions: 8->10(18)
[2024-01-25T14:58:13.318+0000][2.046s] GC(2) Old regions: 9->9
[2024-01-25T14:58:13.318+0000][2.046s] GC(2) Archive regions: 2->2
[2024-01-25T14:58:13.318+0000][2.046s] GC(2) Humongous regions: 5->5
[2024-01-25T14:58:13.318+0000][2.046s] GC(2) Metaspace: 21224K(21504K)->21224K(21504K) NonClass: 18616K(18752K)->18616K(18752K) Class: 2607K(2752K)->2607K(2752K)
[2024-01-25T14:58:13.319+0000][2.046s] GC(2) Pause Young (Concurrent Start) (Metadata GC Threshold) 52M->24M(512M) 5.443ms
[2024-01-25T14:58:13.319+0000][2.046s] GC(2) User=0.02s Sys=0.01s Real=0.00s
[2024-01-25T14:58:13.319+0000][2.047s] GC(3) Concurrent Mark Cycle
[2024-01-25T14:58:13.320+0000][2.047s] GC(3) Concurrent Clear Claimed Marks
[2024-01-25T14:58:13.320+0000][2.047s] GC(3) Concurrent Clear Claimed Marks 0.178ms
[2024-01-25T14:58:13.320+0000][2.048s] GC(3) Concurrent Scan Root Regions
[2024-01-25T14:58:13.321+0000][2.049s] GC(3) Concurrent Scan Root Regions 1.555ms
[2024-01-25T14:58:13.322+0000][2.049s] GC(3) Concurrent Mark
[2024-01-25T14:58:13.322+0000][2.049s] GC(3) Concurrent Mark From Roots
[2024-01-25T14:58:13.322+0000][2.050s] GC(3) Using 3 workers of 3 for marking
[2024-01-25T14:58:13.326+0000][2.054s] GC(3) Concurrent Mark From Roots 4.491ms
[2024-01-25T14:58:13.326+0000][2.054s] GC(3) Concurrent Preclean
[2024-01-25T14:58:13.327+0000][2.054s] GC(3) Concurrent Preclean 0.195ms
[2024-01-25T14:58:13.327+0000][2.055s] GC(3) Pause Remark
[2024-01-25T14:58:13.328+0000][2.056s] GC(3) Pause Remark 25M->25M(512M) 1.650ms
[2024-01-25T14:58:13.329+0000][2.056s] GC(3) User=0.00s Sys=0.00s Real=0.00s
[2024-01-25T14:58:13.329+0000][2.057s] GC(3) Concurrent Mark 7.271ms
[2024-01-25T14:58:13.329+0000][2.057s] GC(3) Concurrent Rebuild Remembered Sets
[2024-01-25T14:58:13.329+0000][2.057s] GC(3) Concurrent Rebuild Remembered Sets 0.164ms
[2024-01-25T14:58:13.329+0000][2.057s] GC(3) Pause Cleanup
[2024-01-25T14:58:13.330+0000][2.057s] GC(3) Pause Cleanup 25M->25M(512M) 0.124ms
[2024-01-25T14:58:13.330+0000][2.057s] GC(3) User=0.00s Sys=0.00s Real=0.00s
[2024-01-25T14:58:13.330+0000][2.058s] GC(3) Concurrent Cleanup for Next Mark
[2024-01-25T14:58:13.331+0000][2.058s] GC(3) Concurrent Cleanup for Next Mark 0.694ms
[2024-01-25T14:58:13.331+0000][2.059s] GC(3) Concurrent Mark Cycle 11.879ms
[2024-01-25T14:58:14.295+0000][3.023s] GC(4) Pause Young (Concurrent Start) (Metadata GC Threshold)
[2024-01-25T14:58:14.296+0000][3.023s] GC(4) Using 10 workers of 10 for evacuation
[2024-01-25T14:58:14.301+0000][3.029s] GC(4)   Pre Evacuate Collection Set: 0.1ms
[2024-01-25T14:58:14.310+0000][3.038s] GC(4)   Merge Heap Roots: 0.1ms
[2024-01-25T14:58:14.310+0000][3.038s] GC(4)   Evacuate Collection Set: 4.1ms
[2024-01-25T14:58:14.311+0000][3.038s] GC(4)   Post Evacuate Collection Set: 0.9ms
[2024-01-25T14:58:14.311+0000][3.038s] GC(4)   Other: 0.3ms
[2024-01-25T14:58:14.311+0000][3.038s] GC(4) Eden regions: 99->0(122)
[2024-01-25T14:58:14.311+0000][3.039s] GC(4) Survivor regions: 10->17(39)
[2024-01-25T14:58:14.311+0000][3.039s] GC(4) Old regions: 9->9
[2024-01-25T14:58:14.311+0000][3.039s] GC(4) Archive regions: 2->2
[2024-01-25T14:58:14.311+0000][3.039s] GC(4) Humongous regions: 5->4
[2024-01-25T14:58:14.311+0000][3.039s] GC(4) Metaspace: 35601K(35968K)->35601K(35968K) NonClass: 31160K(31360K)->31160K(31360K) Class: 4440K(4608K)->4440K(4608K)
[2024-01-25T14:58:14.311+0000][3.039s] GC(4) Pause Young (Concurrent Start) (Metadata GC Threshold) 123M->29M(512M) 15.927ms
[2024-01-25T14:58:14.312+0000][3.039s] GC(4) User=0.05s Sys=0.00s Real=0.02s
[2024-01-25T14:58:14.312+0000][3.039s] GC(5) Concurrent Mark Cycle
[2024-01-25T14:58:14.312+0000][3.040s] GC(5) Concurrent Clear Claimed Marks
[2024-01-25T14:58:14.312+0000][3.040s] GC(5) Concurrent Clear Claimed Marks 0.175ms
[2024-01-25T14:58:14.312+0000][3.040s] GC(5) Concurrent Scan Root Regions
[2024-01-25T14:58:14.315+0000][3.042s] GC(5) Concurrent Scan Root Regions 2.213ms
[2024-01-25T14:58:14.315+0000][3.043s] GC(5) Concurrent Mark
[2024-01-25T14:58:14.315+0000][3.043s] GC(5) Concurrent Mark From Roots
[2024-01-25T14:58:14.315+0000][3.043s] GC(5) Using 3 workers of 3 for marking
[2024-01-25T14:58:14.320+0000][3.047s] GC(5) Concurrent Mark From Roots 4.591ms
[2024-01-25T14:58:14.320+0000][3.047s] GC(5) Concurrent Preclean
[2024-01-25T14:58:14.320+0000][3.048s] GC(5) Concurrent Preclean 0.162ms
[2024-01-25T14:58:14.320+0000][3.048s] GC(5) Pause Remark
[2024-01-25T14:58:14.322+0000][3.050s] GC(5) Pause Remark 31M->31M(512M) 1.660ms
[2024-01-25T14:58:14.322+0000][3.050s] GC(5) User=0.00s Sys=0.01s Real=0.00s
[2024-01-25T14:58:14.322+0000][3.050s] GC(5) Concurrent Mark 7.242ms
[2024-01-25T14:58:14.322+0000][3.050s] GC(5) Concurrent Rebuild Remembered Sets
[2024-01-25T14:58:14.322+0000][3.050s] GC(5) Concurrent Rebuild Remembered Sets 0.128ms
[2024-01-25T14:58:14.323+0000][3.050s] GC(5) Pause Cleanup
[2024-01-25T14:58:14.323+0000][3.050s] GC(5) Pause Cleanup 31M->31M(512M) 0.097ms
[2024-01-25T14:58:14.323+0000][3.051s] GC(5) User=0.00s Sys=0.00s Real=0.00s
[2024-01-25T14:58:14.323+0000][3.051s] GC(5) Concurrent Cleanup for Next Mark
[2024-01-25T14:58:14.324+0000][3.051s] GC(5) Concurrent Cleanup for Next Mark 0.594ms
[2024-01-25T14:58:14.324+0000][3.051s] GC(5) Concurrent Mark Cycle 12.061ms
[2024-01-25T14:58:15.596+0000][4.323s] GC(6) Pause Young (Normal) (G1 Evacuation Pause)
[2024-01-25T14:58:15.596+0000][4.323s] GC(6) Using 10 workers of 10 for evacuation
[2024-01-25T14:58:15.604+0000][4.331s] GC(6)   Pre Evacuate Collection Set: 0.1ms
[2024-01-25T14:58:15.604+0000][4.332s] GC(6)   Merge Heap Roots: 0.1ms
[2024-01-25T14:58:15.604+0000][4.332s] GC(6)   Evacuate Collection Set: 6.6ms
[2024-01-25T14:58:15.604+0000][4.332s] GC(6)   Post Evacuate Collection Set: 1.0ms
[2024-01-25T14:58:15.604+0000][4.332s] GC(6)   Other: 0.4ms
[2024-01-25T14:58:15.604+0000][4.332s] GC(6) Eden regions: 125->0(289)
[2024-01-25T14:58:15.605+0000][4.332s] GC(6) Survivor regions: 17->18(18)
[2024-01-25T14:58:15.605+0000][4.332s] GC(6) Old regions: 9->18
[2024-01-25T14:58:15.605+0000][4.332s] GC(6) Archive regions: 2->2
[2024-01-25T14:58:15.605+0000][4.333s] GC(6) Humongous regions: 4->4
[2024-01-25T14:58:15.605+0000][4.333s] GC(6) Metaspace: 48757K(49216K)->48757K(49216K) NonClass: 42515K(42752K)->42515K(42752K) Class: 6242K(6464K)->6242K(6464K)
[2024-01-25T14:58:15.605+0000][4.333s] GC(6) Pause Young (Normal) (G1 Evacuation Pause) 154M->40M(512M) 9.620ms
[2024-01-25T14:58:15.605+0000][4.333s] GC(6) User=0.08s Sys=0.00s Real=0.01s
[2024-01-25T17:16:47.042+0000][7750.640s] Heap
[2024-01-25T17:16:47.042+0000][7750.641s]  garbage-first heap   total 524288K, used 90383K [0x00000000e0000000, 0x0000000100000000)
[2024-01-25T17:16:47.042+0000][7750.641s]   region size 1024K, 66 young (67584K), 18 survivors (18432K)
[2024-01-25T17:16:47.042+0000][7750.641s]  Metaspace       used 51719K, committed 52160K, reserved 1114112K
[2024-01-25T17:16:47.042+0000][7750.641s]   class space    used 6653K, committed 6848K, reserved 1048576K
