[2024-01-24T16:55:21.786+0000][0.045s] Using G1
[2024-01-24T16:55:21.883+0000][0.142s] Version: 17.0.9+9 (release)
[2024-01-24T16:55:21.884+0000][0.143s] CPUs: 12 total, 12 available
[2024-01-24T16:55:21.884+0000][0.143s] Memory: 7619M
[2024-01-24T16:55:21.884+0000][0.143s] Large Page Support: Disabled
[2024-01-24T16:55:21.884+0000][0.144s] NUMA Support: Disabled
[2024-01-24T16:55:21.885+0000][0.144s] Compressed Oops: Enabled (32-bit)
[2024-01-24T16:55:21.885+0000][0.144s] Heap Region Size: 1M
[2024-01-24T16:55:21.885+0000][0.144s] Heap Min Capacity: 512M
[2024-01-24T16:55:21.885+0000][0.144s] Heap Initial Capacity: 512M
[2024-01-24T16:55:21.885+0000][0.144s] Heap Max Capacity: 512M
[2024-01-24T16:55:21.885+0000][0.145s] Pre-touch: Enabled
[2024-01-24T16:55:21.886+0000][0.145s] Parallel Workers: 10
[2024-01-24T16:55:21.886+0000][0.145s] Concurrent Workers: 3
[2024-01-24T16:55:21.886+0000][0.145s] Concurrent Refinement Workers: 10
[2024-01-24T16:55:21.886+0000][0.145s] Periodic GC: Disabled
[2024-01-24T16:55:21.911+0000][0.170s] CDS archive(s) mapped at: [0x00007f52c7000000-0x00007f52c7a5f000-0x00007f52c7a5f000), size 10874880, SharedBaseAddress: 0x00007f52c7000000, ArchiveRelocationMode: 1.
[2024-01-24T16:55:21.911+0000][0.170s] Compressed class space mapped at: 0x00007f52c8000000-0x00007f5308000000, reserved size: 1073741824
[2024-01-24T16:55:21.911+0000][0.170s] Narrow klass base: 0x00007f52c7000000, Narrow klass shift: 0, Narrow klass range: 0x100000000
[2024-01-24T16:55:22.803+0000][1.062s] GC(0) Pause Young (Normal) (G1 Evacuation Pause)
[2024-01-24T16:55:22.803+0000][1.062s] GC(0) Using 10 workers of 10 for evacuation
[2024-01-24T16:55:22.806+0000][1.065s] GC(0)   Pre Evacuate Collection Set: 0.1ms
[2024-01-24T16:55:22.806+0000][1.065s] GC(0)   Merge Heap Roots: 0.1ms
[2024-01-24T16:55:22.806+0000][1.065s] GC(0)   Evacuate Collection Set: 1.6ms
[2024-01-24T16:55:22.806+0000][1.065s] GC(0)   Post Evacuate Collection Set: 0.6ms
[2024-01-24T16:55:22.806+0000][1.065s] GC(0)   Other: 0.4ms
[2024-01-24T16:55:22.806+0000][1.065s] GC(0) Eden regions: 29->0(58)
[2024-01-24T16:55:22.806+0000][1.066s] GC(0) Survivor regions: 0->4(4)
[2024-01-24T16:55:22.807+0000][1.066s] GC(0) Old regions: 0->1
[2024-01-24T16:55:22.807+0000][1.066s] GC(0) Archive regions: 2->2
[2024-01-24T16:55:22.807+0000][1.066s] GC(0) Humongous regions: 0->0
[2024-01-24T16:55:22.807+0000][1.066s] GC(0) Metaspace: 9836K(10112K)->9836K(10112K) NonClass: 8626K(8768K)->8626K(8768K) Class: 1210K(1344K)->1210K(1344K)
[2024-01-24T16:55:22.807+0000][1.066s] GC(0) Pause Young (Normal) (G1 Evacuation Pause) 29M->5M(512M) 4.216ms
[2024-01-24T16:55:22.807+0000][1.066s] GC(0) User=0.02s Sys=0.01s Real=0.00s
[2024-01-24T16:55:23.476+0000][1.735s] GC(1) Pause Young (Normal) (G1 Evacuation Pause)
[2024-01-24T16:55:23.476+0000][1.735s] GC(1) Using 10 workers of 10 for evacuation
[2024-01-24T16:55:23.481+0000][1.740s] GC(1)   Pre Evacuate Collection Set: 0.1ms
[2024-01-24T16:55:23.482+0000][1.741s] GC(1)   Merge Heap Roots: 0.1ms
[2024-01-24T16:55:23.482+0000][1.741s] GC(1)   Evacuate Collection Set: 4.1ms
[2024-01-24T16:55:23.482+0000][1.741s] GC(1)   Post Evacuate Collection Set: 0.6ms
[2024-01-24T16:55:23.482+0000][1.741s] GC(1)   Other: 0.3ms
[2024-01-24T16:55:23.482+0000][1.741s] GC(1) Eden regions: 55->0(126)
[2024-01-24T16:55:23.482+0000][1.741s] GC(1) Survivor regions: 4->8(8)
[2024-01-24T16:55:23.482+0000][1.741s] GC(1) Old regions: 1->9
[2024-01-24T16:55:23.482+0000][1.741s] GC(1) Archive regions: 2->2
[2024-01-24T16:55:23.482+0000][1.741s] GC(1) Humongous regions: 4->4
[2024-01-24T16:55:23.482+0000][1.742s] GC(1) Metaspace: 17930K(18176K)->17930K(18176K) NonClass: 15716K(15872K)->15716K(15872K) Class: 2214K(2304K)->2214K(2304K)
[2024-01-24T16:55:23.483+0000][1.742s] GC(1) Pause Young (Normal) (G1 Evacuation Pause) 64M->21M(512M) 6.421ms
[2024-01-24T16:55:23.483+0000][1.742s] GC(1) User=0.02s Sys=0.02s Real=0.01s
[2024-01-24T16:55:23.781+0000][2.040s] GC(2) Pause Young (Concurrent Start) (Metadata GC Threshold)
[2024-01-24T16:55:23.781+0000][2.040s] GC(2) Using 10 workers of 10 for evacuation
[2024-01-24T16:55:23.784+0000][2.044s] GC(2)   Pre Evacuate Collection Set: 0.1ms
[2024-01-24T16:55:23.785+0000][2.044s] GC(2)   Merge Heap Roots: 0.1ms
[2024-01-24T16:55:23.785+0000][2.044s] GC(2)   Evacuate Collection Set: 2.3ms
[2024-01-24T16:55:23.785+0000][2.044s] GC(2)   Post Evacuate Collection Set: 0.5ms
[2024-01-24T16:55:23.785+0000][2.044s] GC(2)   Other: 0.7ms
[2024-01-24T16:55:23.785+0000][2.044s] GC(2) Eden regions: 33->0(100)
[2024-01-24T16:55:23.785+0000][2.044s] GC(2) Survivor regions: 8->11(17)
[2024-01-24T16:55:23.785+0000][2.044s] GC(2) Old regions: 9->9
[2024-01-24T16:55:23.785+0000][2.044s] GC(2) Archive regions: 2->2
[2024-01-24T16:55:23.785+0000][2.045s] GC(2) Humongous regions: 5->5
[2024-01-24T16:55:23.786+0000][2.045s] GC(2) Metaspace: 21219K(21504K)->21219K(21504K) NonClass: 18611K(18752K)->18611K(18752K) Class: 2607K(2752K)->2607K(2752K)
[2024-01-24T16:55:23.786+0000][2.045s] GC(2) Pause Young (Concurrent Start) (Metadata GC Threshold) 54M->24M(512M) 4.926ms
[2024-01-24T16:55:23.786+0000][2.045s] GC(2) User=0.01s Sys=0.02s Real=0.01s
[2024-01-24T16:55:23.786+0000][2.045s] GC(3) Concurrent Mark Cycle
[2024-01-24T16:55:23.786+0000][2.045s] GC(3) Concurrent Clear Claimed Marks
[2024-01-24T16:55:23.786+0000][2.045s] GC(3) Concurrent Clear Claimed Marks 0.206ms
[2024-01-24T16:55:23.786+0000][2.045s] GC(3) Concurrent Scan Root Regions
[2024-01-24T16:55:23.788+0000][2.047s] GC(3) Concurrent Scan Root Regions 1.323ms
[2024-01-24T16:55:23.788+0000][2.047s] GC(3) Concurrent Mark
[2024-01-24T16:55:23.788+0000][2.047s] GC(3) Concurrent Mark From Roots
[2024-01-24T16:55:23.788+0000][2.047s] GC(3) Using 3 workers of 3 for marking
[2024-01-24T16:55:23.792+0000][2.051s] GC(3) Concurrent Mark From Roots 3.628ms
[2024-01-24T16:55:23.793+0000][2.053s] GC(3) Concurrent Preclean
[2024-01-24T16:55:23.794+0000][2.053s] GC(3) Concurrent Preclean 0.194ms
[2024-01-24T16:55:23.794+0000][2.053s] GC(3) Pause Remark
[2024-01-24T16:55:23.795+0000][2.055s] GC(3) Pause Remark 26M->26M(512M) 1.624ms
[2024-01-24T16:55:23.796+0000][2.055s] GC(3) User=0.01s Sys=0.00s Real=0.00s
[2024-01-24T16:55:23.796+0000][2.055s] GC(3) Concurrent Mark 7.967ms
[2024-01-24T16:55:23.796+0000][2.055s] GC(3) Concurrent Rebuild Remembered Sets
[2024-01-24T16:55:23.798+0000][2.057s] GC(3) Concurrent Rebuild Remembered Sets 2.385ms
[2024-01-24T16:55:23.799+0000][2.058s] GC(3) Pause Cleanup
[2024-01-24T16:55:23.799+0000][2.058s] GC(3) Pause Cleanup 26M->26M(512M) 0.318ms
[2024-01-24T16:55:23.799+0000][2.058s] GC(3) User=0.00s Sys=0.00s Real=0.00s
[2024-01-24T16:55:23.799+0000][2.058s] GC(3) Concurrent Cleanup for Next Mark
[2024-01-24T16:55:23.801+0000][2.060s] GC(3) Concurrent Cleanup for Next Mark 1.677ms
[2024-01-24T16:55:23.801+0000][2.060s] GC(3) Concurrent Mark Cycle 15.183ms
[2024-01-24T16:55:25.132+0000][3.391s] GC(4) Pause Young (Normal) (GCLocker Initiated GC)
[2024-01-24T16:55:25.132+0000][3.391s] GC(4) Using 10 workers of 10 for evacuation
[2024-01-24T16:55:25.138+0000][3.397s] GC(4)   Pre Evacuate Collection Set: 0.1ms
[2024-01-24T16:55:25.138+0000][3.397s] GC(4)   Merge Heap Roots: 0.1ms
[2024-01-24T16:55:25.138+0000][3.397s] GC(4)   Evacuate Collection Set: 4.0ms
[2024-01-24T16:55:25.138+0000][3.397s] GC(4)   Post Evacuate Collection Set: 1.0ms
[2024-01-24T16:55:25.138+0000][3.397s] GC(4)   Other: 0.8ms
[2024-01-24T16:55:25.138+0000][3.398s] GC(4) Eden regions: 101->0(125)
[2024-01-24T16:55:25.139+0000][3.398s] GC(4) Survivor regions: 11->14(14)
[2024-01-24T16:55:25.139+0000][3.398s] GC(4) Old regions: 9->12
[2024-01-24T16:55:25.139+0000][3.398s] GC(4) Archive regions: 2->2
[2024-01-24T16:55:25.139+0000][3.398s] GC(4) Humongous regions: 5->4
[2024-01-24T16:55:25.139+0000][3.398s] GC(4) Metaspace: 35082K(35392K)->35082K(35392K) NonClass: 30697K(30848K)->30697K(30848K) Class: 4384K(4544K)->4384K(4544K)
[2024-01-24T16:55:25.139+0000][3.398s] GC(4) Pause Young (Normal) (GCLocker Initiated GC) 125M->30M(512M) 6.894ms
[2024-01-24T16:55:25.139+0000][3.399s] GC(4) User=0.03s Sys=0.01s Real=0.00s
[2024-01-24T16:55:25.181+0000][3.440s] GC(5) Pause Young (Concurrent Start) (Metadata GC Threshold)
[2024-01-24T16:55:25.181+0000][3.440s] GC(5) Using 10 workers of 10 for evacuation
[2024-01-24T16:55:25.187+0000][3.446s] GC(5)   Pre Evacuate Collection Set: 0.2ms
[2024-01-24T16:55:25.187+0000][3.447s] GC(5)   Merge Heap Roots: 0.1ms
[2024-01-24T16:55:25.188+0000][3.447s] GC(5)   Evacuate Collection Set: 4.2ms
[2024-01-24T16:55:25.188+0000][3.447s] GC(5)   Post Evacuate Collection Set: 1.1ms
[2024-01-24T16:55:25.188+0000][3.447s] GC(5)   Other: 0.6ms
[2024-01-24T16:55:25.188+0000][3.447s] GC(5) Eden regions: 4->0(139)
[2024-01-24T16:55:25.188+0000][3.447s] GC(5) Survivor regions: 14->10(18)
[2024-01-24T16:55:25.188+0000][3.447s] GC(5) Old regions: 12->17
[2024-01-24T16:55:25.189+0000][3.448s] GC(5) Archive regions: 2->2
[2024-01-24T16:55:25.189+0000][3.448s] GC(5) Humongous regions: 4->4
[2024-01-24T16:55:25.189+0000][3.448s] GC(5) Metaspace: 35664K(35968K)->35664K(35968K) NonClass: 31211K(31360K)->31211K(31360K) Class: 4453K(4608K)->4453K(4608K)
[2024-01-24T16:55:25.189+0000][3.448s] GC(5) Pause Young (Concurrent Start) (Metadata GC Threshold) 33M->30M(512M) 8.266ms
[2024-01-24T16:55:25.189+0000][3.449s] GC(5) User=0.04s Sys=0.00s Real=0.01s
[2024-01-24T16:55:25.190+0000][3.449s] GC(6) Concurrent Mark Cycle
[2024-01-24T16:55:25.190+0000][3.449s] GC(6) Concurrent Clear Claimed Marks
[2024-01-24T16:55:25.190+0000][3.449s] GC(6) Concurrent Clear Claimed Marks 0.413ms
[2024-01-24T16:55:25.191+0000][3.450s] GC(6) Concurrent Scan Root Regions
[2024-01-24T16:55:25.194+0000][3.453s] GC(6) Concurrent Scan Root Regions 3.545ms
[2024-01-24T16:55:25.195+0000][3.454s] GC(6) Concurrent Mark
[2024-01-24T16:55:25.195+0000][3.455s] GC(6) Concurrent Mark From Roots
[2024-01-24T16:55:25.196+0000][3.455s] GC(6) Using 3 workers of 3 for marking
[2024-01-24T16:55:25.204+0000][3.463s] GC(6) Concurrent Mark From Roots 8.591ms
[2024-01-24T16:55:25.204+0000][3.463s] GC(6) Concurrent Preclean
[2024-01-24T16:55:25.205+0000][3.464s] GC(6) Concurrent Preclean 0.476ms
[2024-01-24T16:55:25.205+0000][3.464s] GC(6) Pause Remark
[2024-01-24T16:55:25.209+0000][3.468s] GC(6) Pause Remark 31M->31M(512M) 3.784ms
[2024-01-24T16:55:25.209+0000][3.469s] GC(6) User=0.02s Sys=0.00s Real=0.00s
[2024-01-24T16:55:25.210+0000][3.469s] GC(6) Concurrent Mark 15.121ms
[2024-01-24T16:55:25.210+0000][3.469s] GC(6) Concurrent Rebuild Remembered Sets
[2024-01-24T16:55:25.217+0000][3.476s] GC(6) Concurrent Rebuild Remembered Sets 7.089ms
[2024-01-24T16:55:25.220+0000][3.479s] GC(6) Pause Cleanup
[2024-01-24T16:55:25.221+0000][3.480s] GC(6) Pause Cleanup 32M->32M(512M) 0.987ms
[2024-01-24T16:55:25.221+0000][3.481s] GC(6) User=0.01s Sys=0.00s Real=0.01s
[2024-01-24T16:55:25.222+0000][3.481s] GC(6) Concurrent Cleanup for Next Mark
[2024-01-24T16:55:25.223+0000][3.483s] GC(6) Concurrent Cleanup for Next Mark 1.515ms
[2024-01-24T16:55:25.224+0000][3.483s] GC(6) Concurrent Mark Cycle 33.938ms
[2024-01-24T16:55:27.916+0000][6.175s] GC(7) Pause Young (Prepare Mixed) (G1 Evacuation Pause)
[2024-01-24T16:55:27.917+0000][6.176s] GC(7) Using 10 workers of 10 for evacuation
[2024-01-24T16:55:27.927+0000][6.186s] GC(7)   Pre Evacuate Collection Set: 0.2ms
[2024-01-24T16:55:27.927+0000][6.186s] GC(7)   Merge Heap Roots: 0.1ms
[2024-01-24T16:55:27.927+0000][6.186s] GC(7)   Evacuate Collection Set: 7.4ms
[2024-01-24T16:55:27.927+0000][6.187s] GC(7)   Post Evacuate Collection Set: 2.1ms
[2024-01-24T16:55:27.928+0000][6.187s] GC(7)   Other: 0.9ms
[2024-01-24T16:55:27.928+0000][6.187s] GC(7) Eden regions: 139->0(6)
[2024-01-24T16:55:27.928+0000][6.187s] GC(7) Survivor regions: 10->19(19)
[2024-01-24T16:55:27.928+0000][6.188s] GC(7) Old regions: 17->21
[2024-01-24T16:55:27.929+0000][6.188s] GC(7) Archive regions: 2->2
[2024-01-24T16:55:27.929+0000][6.188s] GC(7) Humongous regions: 4->4
[2024-01-24T16:55:27.929+0000][6.188s] GC(7) Metaspace: 49534K(50048K)->49534K(50048K) NonClass: 43201K(43456K)->43201K(43456K) Class: 6332K(6592K)->6332K(6592K)
[2024-01-24T16:55:27.929+0000][6.188s] GC(7) Pause Young (Prepare Mixed) (G1 Evacuation Pause) 169M->44M(512M) 13.211ms
[2024-01-24T16:55:27.929+0000][6.189s] GC(7) User=0.07s Sys=0.00s Real=0.01s
[2024-01-24T16:55:28.165+0000][6.424s] GC(8) Pause Young (Mixed) (G1 Evacuation Pause)
[2024-01-24T16:55:28.165+0000][6.424s] GC(8) Using 10 workers of 10 for evacuation
[2024-01-24T16:55:28.175+0000][6.434s] GC(8)   Pre Evacuate Collection Set: 0.2ms
[2024-01-24T16:55:28.177+0000][6.436s] GC(8)   Merge Heap Roots: 0.1ms
[2024-01-24T16:55:28.177+0000][6.437s] GC(8)   Evacuate Collection Set: 8.4ms
[2024-01-24T16:55:28.179+0000][6.438s] GC(8)   Post Evacuate Collection Set: 1.2ms
[2024-01-24T16:55:28.179+0000][6.438s] GC(8)   Other: 0.5ms
[2024-01-24T16:55:28.180+0000][6.439s] GC(8) Eden regions: 6->0(304)
[2024-01-24T16:55:28.180+0000][6.439s] GC(8) Survivor regions: 19->3(4)
[2024-01-24T16:55:28.180+0000][6.440s] GC(8) Old regions: 21->40
[2024-01-24T16:55:28.181+0000][6.440s] GC(8) Archive regions: 2->2
[2024-01-24T16:55:28.181+0000][6.440s] GC(8) Humongous regions: 4->4
[2024-01-24T16:55:28.181+0000][6.440s] GC(8) Metaspace: 50597K(51072K)->50597K(51072K) NonClass: 44136K(44352K)->44136K(44352K) Class: 6461K(6720K)->6461K(6720K)
[2024-01-24T16:55:28.181+0000][6.440s] GC(8) Pause Young (Mixed) (G1 Evacuation Pause) 50M->46M(512M) 16.268ms
[2024-01-24T16:55:28.181+0000][6.440s] GC(8) User=0.05s Sys=0.01s Real=0.02s
[2024-01-24T16:55:39.665+0000][17.924s] Heap
[2024-01-24T16:55:39.665+0000][17.924s]  garbage-first heap   total 524288K, used 75969K [0x00000000e0000000, 0x0000000100000000)
[2024-01-24T16:55:39.665+0000][17.925s]   region size 1024K, 31 young (31744K), 3 survivors (3072K)
[2024-01-24T16:55:39.666+0000][17.925s]  Metaspace       used 51669K, committed 52096K, reserved 1114112K
[2024-01-24T16:55:39.666+0000][17.925s]   class space    used 6645K, committed 6848K, reserved 1048576K
