[2023-12-08T13:42:43.167+0000][0.061s] Using G1
[2023-12-08T13:42:43.235+0000][0.129s] Version: 17.0.9+9 (release)
[2023-12-08T13:42:43.236+0000][0.129s] CPUs: 12 total, 12 available
[2023-12-08T13:42:43.236+0000][0.130s] Memory: 7619M
[2023-12-08T13:42:43.236+0000][0.130s] Large Page Support: Disabled
[2023-12-08T13:42:43.236+0000][0.130s] NUMA Support: Disabled
[2023-12-08T13:42:43.236+0000][0.130s] Compressed Oops: Enabled (32-bit)
[2023-12-08T13:42:43.237+0000][0.130s] Heap Region Size: 1M
[2023-12-08T13:42:43.237+0000][0.131s] Heap Min Capacity: 512M
[2023-12-08T13:42:43.237+0000][0.131s] Heap Initial Capacity: 512M
[2023-12-08T13:42:43.237+0000][0.131s] Heap Max Capacity: 512M
[2023-12-08T13:42:43.237+0000][0.131s] Pre-touch: Enabled
[2023-12-08T13:42:43.238+0000][0.131s] Parallel Workers: 10
[2023-12-08T13:42:43.238+0000][0.131s] Concurrent Workers: 3
[2023-12-08T13:42:43.238+0000][0.132s] Concurrent Refinement Workers: 10
[2023-12-08T13:42:43.238+0000][0.132s] Periodic GC: Disabled
[2023-12-08T13:42:43.244+0000][0.138s] CDS archive(s) mapped at: [0x00007f7213000000-0x00007f7213a5f000-0x00007f7213a5f000), size 10874880, SharedBaseAddress: 0x00007f7213000000, ArchiveRelocationMode: 1.
[2023-12-08T13:42:43.244+0000][0.138s] Compressed class space mapped at: 0x00007f7214000000-0x00007f7254000000, reserved size: 1073741824
[2023-12-08T13:42:43.244+0000][0.138s] Narrow klass base: 0x00007f7213000000, Narrow klass shift: 0, Narrow klass range: 0x100000000
[2023-12-08T13:42:43.940+0000][0.834s] GC(0) Pause Young (Normal) (G1 Evacuation Pause)
[2023-12-08T13:42:43.940+0000][0.834s] GC(0) Using 10 workers of 10 for evacuation
[2023-12-08T13:42:43.943+0000][0.837s] GC(0)   Pre Evacuate Collection Set: 0.1ms
[2023-12-08T13:42:43.943+0000][0.837s] GC(0)   Merge Heap Roots: 0.1ms
[2023-12-08T13:42:43.943+0000][0.837s] GC(0)   Evacuate Collection Set: 1.6ms
[2023-12-08T13:42:43.943+0000][0.837s] GC(0)   Post Evacuate Collection Set: 0.5ms
[2023-12-08T13:42:43.944+0000][0.837s] GC(0)   Other: 0.4ms
[2023-12-08T13:42:43.944+0000][0.837s] GC(0) Eden regions: 29->0(58)
[2023-12-08T13:42:43.944+0000][0.838s] GC(0) Survivor regions: 0->4(4)
[2023-12-08T13:42:43.944+0000][0.838s] GC(0) Old regions: 0->1
[2023-12-08T13:42:43.944+0000][0.838s] GC(0) Archive regions: 2->2
[2023-12-08T13:42:43.944+0000][0.838s] GC(0) Humongous regions: 0->0
[2023-12-08T13:42:43.944+0000][0.838s] GC(0) Metaspace: 9854K(10112K)->9854K(10112K) NonClass: 8642K(8768K)->8642K(8768K) Class: 1211K(1344K)->1211K(1344K)
[2023-12-08T13:42:43.944+0000][0.838s] GC(0) Pause Young (Normal) (G1 Evacuation Pause) 29M->5M(512M) 4.366ms
[2023-12-08T13:42:43.945+0000][0.838s] GC(0) User=0.01s Sys=0.01s Real=0.01s
[2023-12-08T13:42:44.456+0000][1.350s] GC(1) Pause Young (Normal) (G1 Evacuation Pause)
[2023-12-08T13:42:44.456+0000][1.350s] GC(1) Using 10 workers of 10 for evacuation
[2023-12-08T13:42:44.462+0000][1.355s] GC(1)   Pre Evacuate Collection Set: 0.2ms
[2023-12-08T13:42:44.462+0000][1.356s] GC(1)   Merge Heap Roots: 0.1ms
[2023-12-08T13:42:44.462+0000][1.356s] GC(1)   Evacuate Collection Set: 4.4ms
[2023-12-08T13:42:44.462+0000][1.356s] GC(1)   Post Evacuate Collection Set: 0.6ms
[2023-12-08T13:42:44.462+0000][1.356s] GC(1)   Other: 0.5ms
[2023-12-08T13:42:44.463+0000][1.356s] GC(1) Eden regions: 55->0(125)
[2023-12-08T13:42:44.463+0000][1.356s] GC(1) Survivor regions: 4->8(8)
[2023-12-08T13:42:44.463+0000][1.357s] GC(1) Old regions: 1->9
[2023-12-08T13:42:44.463+0000][1.357s] GC(1) Archive regions: 2->2
[2023-12-08T13:42:44.463+0000][1.357s] GC(1) Humongous regions: 4->4
[2023-12-08T13:42:44.463+0000][1.357s] GC(1) Metaspace: 17935K(18240K)->17935K(18240K) NonClass: 15721K(15936K)->15721K(15936K) Class: 2214K(2304K)->2214K(2304K)
[2023-12-08T13:42:44.463+0000][1.357s] GC(1) Pause Young (Normal) (G1 Evacuation Pause) 64M->21M(512M) 7.395ms
[2023-12-08T13:42:44.464+0000][1.357s] GC(1) User=0.03s Sys=0.01s Real=0.00s
[2023-12-08T13:42:44.716+0000][1.609s] GC(2) Pause Young (Concurrent Start) (Metadata GC Threshold)
[2023-12-08T13:42:44.716+0000][1.610s] GC(2) Using 10 workers of 10 for evacuation
[2023-12-08T13:42:44.720+0000][1.613s] GC(2)   Pre Evacuate Collection Set: 0.1ms
[2023-12-08T13:42:44.720+0000][1.614s] GC(2)   Merge Heap Roots: 0.1ms
[2023-12-08T13:42:44.720+0000][1.614s] GC(2)   Evacuate Collection Set: 2.6ms
[2023-12-08T13:42:44.720+0000][1.614s] GC(2)   Post Evacuate Collection Set: 0.5ms
[2023-12-08T13:42:44.720+0000][1.614s] GC(2)   Other: 0.6ms
[2023-12-08T13:42:44.720+0000][1.614s] GC(2) Eden regions: 34->0(158)
[2023-12-08T13:42:44.721+0000][1.614s] GC(2) Survivor regions: 8->11(17)
[2023-12-08T13:42:44.721+0000][1.614s] GC(2) Old regions: 9->9
[2023-12-08T13:42:44.721+0000][1.615s] GC(2) Archive regions: 2->2
[2023-12-08T13:42:44.721+0000][1.615s] GC(2) Humongous regions: 5->5
[2023-12-08T13:42:44.721+0000][1.615s] GC(2) Metaspace: 21210K(21504K)->21210K(21504K) NonClass: 18603K(18752K)->18603K(18752K) Class: 2607K(2752K)->2607K(2752K)
[2023-12-08T13:42:44.721+0000][1.615s] GC(2) Pause Young (Concurrent Start) (Metadata GC Threshold) 56M->24M(512M) 5.648ms
[2023-12-08T13:42:44.721+0000][1.615s] GC(2) User=0.02s Sys=0.00s Real=0.00s
[2023-12-08T13:42:44.722+0000][1.615s] GC(3) Concurrent Mark Cycle
[2023-12-08T13:42:44.722+0000][1.616s] GC(3) Concurrent Clear Claimed Marks
[2023-12-08T13:42:44.722+0000][1.616s] GC(3) Concurrent Clear Claimed Marks 0.191ms
[2023-12-08T13:42:44.722+0000][1.616s] GC(3) Concurrent Scan Root Regions
[2023-12-08T13:42:44.724+0000][1.617s] GC(3) Concurrent Scan Root Regions 1.466ms
[2023-12-08T13:42:44.724+0000][1.618s] GC(3) Concurrent Mark
[2023-12-08T13:42:44.724+0000][1.618s] GC(3) Concurrent Mark From Roots
[2023-12-08T13:42:44.724+0000][1.618s] GC(3) Using 3 workers of 3 for marking
[2023-12-08T13:42:44.728+0000][1.621s] GC(3) Concurrent Mark From Roots 3.532ms
[2023-12-08T13:42:44.728+0000][1.622s] GC(3) Concurrent Preclean
[2023-12-08T13:42:44.728+0000][1.622s] GC(3) Concurrent Preclean 0.218ms
[2023-12-08T13:42:44.728+0000][1.622s] GC(3) Pause Remark
[2023-12-08T13:42:44.730+0000][1.624s] GC(3) Pause Remark 26M->26M(512M) 1.522ms
[2023-12-08T13:42:44.730+0000][1.624s] GC(3) User=0.01s Sys=0.01s Real=0.00s
[2023-12-08T13:42:44.730+0000][1.624s] GC(3) Concurrent Mark 6.282ms
[2023-12-08T13:42:44.730+0000][1.624s] GC(3) Concurrent Rebuild Remembered Sets
[2023-12-08T13:42:44.732+0000][1.626s] GC(3) Concurrent Rebuild Remembered Sets 2.107ms
[2023-12-08T13:42:44.733+0000][1.627s] GC(3) Pause Cleanup
[2023-12-08T13:42:44.733+0000][1.627s] GC(3) Pause Cleanup 26M->26M(512M) 0.280ms
[2023-12-08T13:42:44.733+0000][1.627s] GC(3) User=0.00s Sys=0.00s Real=0.00s
[2023-12-08T13:42:44.733+0000][1.627s] GC(3) Concurrent Cleanup for Next Mark
[2023-12-08T13:42:44.734+0000][1.628s] GC(3) Concurrent Cleanup for Next Mark 0.847ms
[2023-12-08T13:42:44.734+0000][1.628s] GC(3) Concurrent Mark Cycle 12.702ms
[2023-12-08T13:42:45.959+0000][2.853s] GC(4) Pause Young (Prepare Mixed) (Metadata GC Threshold)
[2023-12-08T13:42:45.960+0000][2.853s] GC(4) Using 10 workers of 10 for evacuation
[2023-12-08T13:42:45.967+0000][2.861s] GC(4)   Pre Evacuate Collection Set: 0.1ms
[2023-12-08T13:42:45.968+0000][2.861s] GC(4)   Merge Heap Roots: 0.1ms
[2023-12-08T13:42:45.968+0000][2.861s] GC(4)   Evacuate Collection Set: 4.9ms
[2023-12-08T13:42:45.968+0000][2.862s] GC(4)   Post Evacuate Collection Set: 1.7ms
[2023-12-08T13:42:45.968+0000][2.862s] GC(4)   Other: 1.3ms
[2023-12-08T13:42:45.968+0000][2.862s] GC(4) Eden regions: 99->0(7)
[2023-12-08T13:42:45.968+0000][2.862s] GC(4) Survivor regions: 11->18(21)
[2023-12-08T13:42:45.968+0000][2.862s] GC(4) Old regions: 9->9
[2023-12-08T13:42:45.969+0000][2.862s] GC(4) Archive regions: 2->2
[2023-12-08T13:42:45.969+0000][2.862s] GC(4) Humongous regions: 5->4
[2023-12-08T13:42:45.969+0000][2.863s] GC(4) Metaspace: 35660K(35968K)->35660K(35968K) NonClass: 31211K(31360K)->31211K(31360K) Class: 4448K(4608K)->4448K(4608K)
[2023-12-08T13:42:45.969+0000][2.863s] GC(4) Pause Young (Prepare Mixed) (Metadata GC Threshold) 123M->30M(512M) 9.547ms
[2023-12-08T13:42:45.969+0000][2.863s] GC(4) User=0.05s Sys=0.00s Real=0.01s
[2023-12-08T13:42:45.981+0000][2.874s] GC(5) Pause Young (Mixed) (Metadata GC Threshold)
[2023-12-08T13:42:45.981+0000][2.875s] GC(5) Using 10 workers of 10 for evacuation
[2023-12-08T13:42:45.987+0000][2.881s] GC(5)   Pre Evacuate Collection Set: 0.1ms
[2023-12-08T13:42:45.987+0000][2.881s] GC(5)   Merge Heap Roots: 0.1ms
[2023-12-08T13:42:45.988+0000][2.881s] GC(5)   Evacuate Collection Set: 4.9ms
[2023-12-08T13:42:45.988+0000][2.882s] GC(5)   Post Evacuate Collection Set: 0.8ms
[2023-12-08T13:42:45.988+0000][2.882s] GC(5)   Other: 0.5ms
[2023-12-08T13:42:45.988+0000][2.882s] GC(5) Eden regions: 2->0(146)
[2023-12-08T13:42:45.989+0000][2.882s] GC(5) Survivor regions: 18->2(4)
[2023-12-08T13:42:45.989+0000][2.883s] GC(5) Old regions: 9->25
[2023-12-08T13:42:45.989+0000][2.883s] GC(5) Archive regions: 2->2
[2023-12-08T13:42:45.989+0000][2.883s] GC(5) Humongous regions: 4->4
[2023-12-08T13:42:45.989+0000][2.883s] GC(5) Metaspace: 35951K(36288K)->35951K(36288K) NonClass: 31463K(31616K)->31463K(31616K) Class: 4488K(4672K)->4488K(4672K)
[2023-12-08T13:42:45.990+0000][2.883s] GC(5) Pause Young (Mixed) (Metadata GC Threshold) 32M->31M(512M) 8.935ms
[2023-12-08T13:42:45.990+0000][2.884s] GC(5) User=0.04s Sys=0.00s Real=0.01s
[2023-12-08T13:42:46.025+0000][2.919s] GC(6) Pause Young (Concurrent Start) (Metadata GC Threshold)
[2023-12-08T13:42:46.025+0000][2.919s] GC(6) Using 10 workers of 10 for evacuation
[2023-12-08T13:42:46.028+0000][2.921s] GC(6)   Pre Evacuate Collection Set: 0.2ms
[2023-12-08T13:42:46.028+0000][2.922s] GC(6)   Merge Heap Roots: 0.1ms
[2023-12-08T13:42:46.028+0000][2.922s] GC(6)   Evacuate Collection Set: 1.0ms
[2023-12-08T13:42:46.028+0000][2.922s] GC(6)   Post Evacuate Collection Set: 0.6ms
[2023-12-08T13:42:46.028+0000][2.922s] GC(6)   Other: 0.8ms
[2023-12-08T13:42:46.029+0000][2.922s] GC(6) Eden regions: 2->0(162)
[2023-12-08T13:42:46.029+0000][2.922s] GC(6) Survivor regions: 2->1(19)
[2023-12-08T13:42:46.029+0000][2.923s] GC(6) Old regions: 25->25
[2023-12-08T13:42:46.029+0000][2.923s] GC(6) Archive regions: 2->2
[2023-12-08T13:42:46.029+0000][2.923s] GC(6) Humongous regions: 4->4
[2023-12-08T13:42:46.029+0000][2.923s] GC(6) Metaspace: 36200K(36608K)->36200K(36608K) NonClass: 31678K(31936K)->31678K(31936K) Class: 4522K(4672K)->4522K(4672K)
[2023-12-08T13:42:46.030+0000][2.923s] GC(6) Pause Young (Concurrent Start) (Metadata GC Threshold) 32M->29M(512M) 4.638ms
[2023-12-08T13:42:46.030+0000][2.923s] GC(6) User=0.01s Sys=0.00s Real=0.00s
[2023-12-08T13:42:46.030+0000][2.924s] GC(7) Concurrent Mark Cycle
[2023-12-08T13:42:46.030+0000][2.924s] GC(7) Concurrent Clear Claimed Marks
[2023-12-08T13:42:46.030+0000][2.924s] GC(7) Concurrent Clear Claimed Marks 0.272ms
[2023-12-08T13:42:46.031+0000][2.924s] GC(7) Concurrent Scan Root Regions
[2023-12-08T13:42:46.032+0000][2.925s] GC(7) Concurrent Scan Root Regions 1.048ms
[2023-12-08T13:42:46.032+0000][2.926s] GC(7) Concurrent Mark
[2023-12-08T13:42:46.032+0000][2.926s] GC(7) Concurrent Mark From Roots
[2023-12-08T13:42:46.032+0000][2.926s] GC(7) Using 3 workers of 3 for marking
[2023-12-08T13:42:46.049+0000][2.943s] GC(7) Concurrent Mark From Roots 16.911ms
[2023-12-08T13:42:46.050+0000][2.943s] GC(7) Concurrent Preclean
[2023-12-08T13:42:46.050+0000][2.944s] GC(7) Concurrent Preclean 0.485ms
[2023-12-08T13:42:46.050+0000][2.944s] GC(7) Pause Remark
[2023-12-08T13:42:46.053+0000][2.947s] GC(7) Pause Remark 31M->31M(512M) 2.919ms
[2023-12-08T13:42:46.054+0000][2.947s] GC(7) User=0.01s Sys=0.00s Real=0.00s
[2023-12-08T13:42:46.054+0000][2.948s] GC(7) Concurrent Mark 22.184ms
[2023-12-08T13:42:46.054+0000][2.948s] GC(7) Concurrent Rebuild Remembered Sets
[2023-12-08T13:42:46.061+0000][2.955s] GC(7) Concurrent Rebuild Remembered Sets 6.625ms
[2023-12-08T13:42:46.062+0000][2.955s] GC(7) Pause Cleanup
[2023-12-08T13:42:46.062+0000][2.956s] GC(7) Pause Cleanup 32M->32M(512M) 0.378ms
[2023-12-08T13:42:46.062+0000][2.956s] GC(7) User=0.00s Sys=0.00s Real=0.00s
[2023-12-08T13:42:46.063+0000][2.957s] GC(7) Concurrent Cleanup for Next Mark
[2023-12-08T13:42:46.065+0000][2.959s] GC(7) Concurrent Cleanup for Next Mark 2.112ms
[2023-12-08T13:42:46.065+0000][2.959s] GC(7) Concurrent Mark Cycle 35.353ms
[2023-12-08T13:43:35.648+0000][52.542s] GC(8) Pause Young (Normal) (G1 Evacuation Pause)
[2023-12-08T13:43:35.649+0000][52.542s] GC(8) Using 10 workers of 10 for evacuation
[2023-12-08T13:43:35.656+0000][52.549s] GC(8)   Pre Evacuate Collection Set: 0.1ms
[2023-12-08T13:43:35.656+0000][52.550s] GC(8)   Merge Heap Roots: 0.1ms
[2023-12-08T13:43:35.656+0000][52.550s] GC(8)   Evacuate Collection Set: 4.8ms
[2023-12-08T13:43:35.656+0000][52.550s] GC(8)   Post Evacuate Collection Set: 0.7ms
[2023-12-08T13:43:35.656+0000][52.550s] GC(8)   Other: 2.0ms
[2023-12-08T13:43:35.656+0000][52.550s] GC(8) Eden regions: 162->0(290)
[2023-12-08T13:43:35.656+0000][52.550s] GC(8) Survivor regions: 1->17(21)
[2023-12-08T13:43:35.656+0000][52.550s] GC(8) Old regions: 25->25
[2023-12-08T13:43:35.657+0000][52.550s] GC(8) Archive regions: 2->2
[2023-12-08T13:43:35.657+0000][52.550s] GC(8) Humongous regions: 4->4
[2023-12-08T13:43:35.657+0000][52.550s] GC(8) Metaspace: 51390K(51904K)->51390K(51904K) NonClass: 44788K(45056K)->44788K(45056K) Class: 6602K(6848K)->6602K(6848K)
[2023-12-08T13:43:35.657+0000][52.551s] GC(8) Pause Young (Normal) (G1 Evacuation Pause) 191M->45M(512M) 8.596ms
[2023-12-08T13:43:35.657+0000][52.551s] GC(8) User=0.05s Sys=0.00s Real=0.01s
[2023-12-08T13:49:36.058+0000][412.952s] Heap
[2023-12-08T13:49:36.059+0000][412.953s]  garbage-first heap   total 524288K, used 64989K [0x00000000e0000000, 0x0000000100000000)
[2023-12-08T13:49:36.059+0000][412.953s]   region size 1024K, 35 young (35840K), 17 survivors (17408K)
[2023-12-08T13:49:36.059+0000][412.953s]  Metaspace       used 51683K, committed 52096K, reserved 1114112K
[2023-12-08T13:49:36.059+0000][412.953s]   class space    used 6645K, committed 6848K, reserved 1048576K
