[2024-01-24T16:33:59.563+0000][0.050s] Using G1
[2024-01-24T16:33:59.784+0000][0.271s] Version: 17.0.9+9 (release)
[2024-01-24T16:33:59.784+0000][0.271s] CPUs: 12 total, 12 available
[2024-01-24T16:33:59.784+0000][0.272s] Memory: 7619M
[2024-01-24T16:33:59.784+0000][0.272s] Large Page Support: Disabled
[2024-01-24T16:33:59.785+0000][0.272s] NUMA Support: Disabled
[2024-01-24T16:33:59.785+0000][0.272s] Compressed Oops: Enabled (32-bit)
[2024-01-24T16:33:59.785+0000][0.272s] Heap Region Size: 1M
[2024-01-24T16:33:59.785+0000][0.272s] Heap Min Capacity: 512M
[2024-01-24T16:33:59.785+0000][0.272s] Heap Initial Capacity: 512M
[2024-01-24T16:33:59.785+0000][0.273s] Heap Max Capacity: 512M
[2024-01-24T16:33:59.786+0000][0.273s] Pre-touch: Enabled
[2024-01-24T16:33:59.786+0000][0.273s] Parallel Workers: 10
[2024-01-24T16:33:59.786+0000][0.273s] Concurrent Workers: 3
[2024-01-24T16:33:59.786+0000][0.273s] Concurrent Refinement Workers: 10
[2024-01-24T16:33:59.786+0000][0.273s] Periodic GC: Disabled
[2024-01-24T16:33:59.798+0000][0.286s] CDS archive(s) mapped at: [0x00007f0f7b000000-0x00007f0f7ba5f000-0x00007f0f7ba5f000), size 10874880, SharedBaseAddress: 0x00007f0f7b000000, ArchiveRelocationMode: 1.
[2024-01-24T16:33:59.799+0000][0.286s] Compressed class space mapped at: 0x00007f0f7c000000-0x00007f0fbc000000, reserved size: 1073741824
[2024-01-24T16:33:59.799+0000][0.286s] Narrow klass base: 0x00007f0f7b000000, Narrow klass shift: 0, Narrow klass range: 0x100000000
[2024-01-24T16:34:00.371+0000][0.858s] GC(0) Pause Young (Normal) (G1 Evacuation Pause)
[2024-01-24T16:34:00.371+0000][0.858s] GC(0) Using 10 workers of 10 for evacuation
[2024-01-24T16:34:00.374+0000][0.861s] GC(0)   Pre Evacuate Collection Set: 0.1ms
[2024-01-24T16:34:00.374+0000][0.861s] GC(0)   Merge Heap Roots: 0.2ms
[2024-01-24T16:34:00.374+0000][0.861s] GC(0)   Evacuate Collection Set: 1.5ms
[2024-01-24T16:34:00.374+0000][0.861s] GC(0)   Post Evacuate Collection Set: 0.4ms
[2024-01-24T16:34:00.374+0000][0.861s] GC(0)   Other: 0.4ms
[2024-01-24T16:34:00.374+0000][0.861s] GC(0) Eden regions: 29->0(58)
[2024-01-24T16:34:00.374+0000][0.862s] GC(0) Survivor regions: 0->4(4)
[2024-01-24T16:34:00.374+0000][0.862s] GC(0) Old regions: 0->1
[2024-01-24T16:34:00.375+0000][0.862s] GC(0) Archive regions: 2->2
[2024-01-24T16:34:00.375+0000][0.862s] GC(0) Humongous regions: 0->0
[2024-01-24T16:34:00.375+0000][0.862s] GC(0) Metaspace: 9950K(10240K)->9950K(10240K) NonClass: 8710K(8832K)->8710K(8832K) Class: 1240K(1408K)->1240K(1408K)
[2024-01-24T16:34:00.375+0000][0.862s] GC(0) Pause Young (Normal) (G1 Evacuation Pause) 29M->5M(512M) 3.891ms
[2024-01-24T16:34:00.375+0000][0.862s] GC(0) User=0.02s Sys=0.00s Real=0.01s
[2024-01-24T16:34:00.848+0000][1.336s] GC(1) Pause Young (Normal) (G1 Evacuation Pause)
[2024-01-24T16:34:00.849+0000][1.336s] GC(1) Using 10 workers of 10 for evacuation
[2024-01-24T16:34:00.853+0000][1.340s] GC(1)   Pre Evacuate Collection Set: 0.1ms
[2024-01-24T16:34:00.853+0000][1.341s] GC(1)   Merge Heap Roots: 0.1ms
[2024-01-24T16:34:00.853+0000][1.341s] GC(1)   Evacuate Collection Set: 3.6ms
[2024-01-24T16:34:00.854+0000][1.341s] GC(1)   Post Evacuate Collection Set: 0.6ms
[2024-01-24T16:34:00.854+0000][1.341s] GC(1)   Other: 0.4ms
[2024-01-24T16:34:00.854+0000][1.341s] GC(1) Eden regions: 56->0(69)
[2024-01-24T16:34:00.854+0000][1.341s] GC(1) Survivor regions: 4->8(8)
[2024-01-24T16:34:00.854+0000][1.341s] GC(1) Old regions: 1->9
[2024-01-24T16:34:00.854+0000][1.341s] GC(1) Archive regions: 2->2
[2024-01-24T16:34:00.854+0000][1.341s] GC(1) Humongous regions: 4->4
[2024-01-24T16:34:00.854+0000][1.342s] GC(1) Metaspace: 17911K(18112K)->17911K(18112K) NonClass: 15697K(15808K)->15697K(15808K) Class: 2214K(2304K)->2214K(2304K)
[2024-01-24T16:34:00.854+0000][1.342s] GC(1) Pause Young (Normal) (G1 Evacuation Pause) 65M->21M(512M) 6.030ms
[2024-01-24T16:34:00.855+0000][1.342s] GC(1) User=0.04s Sys=0.00s Real=0.01s
[2024-01-24T16:34:01.075+0000][1.562s] GC(2) Pause Young (Concurrent Start) (Metadata GC Threshold)
[2024-01-24T16:34:01.075+0000][1.562s] GC(2) Using 10 workers of 10 for evacuation
[2024-01-24T16:34:01.078+0000][1.565s] GC(2)   Pre Evacuate Collection Set: 0.2ms
[2024-01-24T16:34:01.078+0000][1.565s] GC(2)   Merge Heap Roots: 0.1ms
[2024-01-24T16:34:01.078+0000][1.566s] GC(2)   Evacuate Collection Set: 2.4ms
[2024-01-24T16:34:01.078+0000][1.566s] GC(2)   Post Evacuate Collection Set: 0.5ms
[2024-01-24T16:34:01.078+0000][1.566s] GC(2)   Other: 0.4ms
[2024-01-24T16:34:01.079+0000][1.566s] GC(2) Eden regions: 32->0(88)
[2024-01-24T16:34:01.079+0000][1.566s] GC(2) Survivor regions: 8->2(10)
[2024-01-24T16:34:01.079+0000][1.566s] GC(2) Old regions: 9->18
[2024-01-24T16:34:01.079+0000][1.566s] GC(2) Archive regions: 2->2
[2024-01-24T16:34:01.079+0000][1.566s] GC(2) Humongous regions: 5->5
[2024-01-24T16:34:01.079+0000][1.566s] GC(2) Metaspace: 21185K(21504K)->21185K(21504K) NonClass: 18578K(18752K)->18578K(18752K) Class: 2607K(2752K)->2607K(2752K)
[2024-01-24T16:34:01.079+0000][1.566s] GC(2) Pause Young (Concurrent Start) (Metadata GC Threshold) 54M->25M(512M) 4.652ms
[2024-01-24T16:34:01.079+0000][1.567s] GC(2) User=0.01s Sys=0.00s Real=0.00s
[2024-01-24T16:34:01.080+0000][1.567s] GC(3) Concurrent Mark Cycle
[2024-01-24T16:34:01.080+0000][1.567s] GC(3) Concurrent Clear Claimed Marks
[2024-01-24T16:34:01.088+0000][1.575s] GC(3) Concurrent Clear Claimed Marks 7.911ms
[2024-01-24T16:34:01.088+0000][1.575s] GC(3) Concurrent Scan Root Regions
[2024-01-24T16:34:01.090+0000][1.577s] GC(3) Concurrent Scan Root Regions 1.859ms
[2024-01-24T16:34:01.090+0000][1.577s] GC(3) Concurrent Mark
[2024-01-24T16:34:01.090+0000][1.577s] GC(3) Concurrent Mark From Roots
[2024-01-24T16:34:01.090+0000][1.577s] GC(3) Using 3 workers of 3 for marking
[2024-01-24T16:34:01.094+0000][1.582s] GC(3) Concurrent Mark From Roots 4.316ms
[2024-01-24T16:34:01.094+0000][1.582s] GC(3) Concurrent Preclean
[2024-01-24T16:34:01.095+0000][1.582s] GC(3) Concurrent Preclean 0.176ms
[2024-01-24T16:34:01.095+0000][1.582s] GC(3) Pause Remark
[2024-01-24T16:34:01.097+0000][1.584s] GC(3) Pause Remark 27M->27M(512M) 1.604ms
[2024-01-24T16:34:01.097+0000][1.584s] GC(3) User=0.01s Sys=0.00s Real=0.00s
[2024-01-24T16:34:01.097+0000][1.584s] GC(3) Concurrent Mark 6.904ms
[2024-01-24T16:34:01.097+0000][1.584s] GC(3) Concurrent Rebuild Remembered Sets
[2024-01-24T16:34:01.100+0000][1.587s] GC(3) Concurrent Rebuild Remembered Sets 3.221ms
[2024-01-24T16:34:01.100+0000][1.588s] GC(3) Pause Cleanup
[2024-01-24T16:34:01.101+0000][1.588s] GC(3) Pause Cleanup 28M->28M(512M) 0.293ms
[2024-01-24T16:34:01.101+0000][1.588s] GC(3) User=0.00s Sys=0.00s Real=0.00s
[2024-01-24T16:34:01.101+0000][1.588s] GC(3) Concurrent Cleanup for Next Mark
[2024-01-24T16:34:01.102+0000][1.589s] GC(3) Concurrent Cleanup for Next Mark 0.618ms
[2024-01-24T16:34:01.102+0000][1.589s] GC(3) Concurrent Mark Cycle 22.249ms
[2024-01-24T16:34:02.263+0000][2.750s] GC(4) Pause Young (Normal) (G1 Evacuation Pause)
[2024-01-24T16:34:02.263+0000][2.751s] GC(4) Using 10 workers of 10 for evacuation
[2024-01-24T16:34:02.271+0000][2.758s] GC(4)   Pre Evacuate Collection Set: 0.1ms
[2024-01-24T16:34:02.271+0000][2.759s] GC(4)   Merge Heap Roots: 0.0ms
[2024-01-24T16:34:02.272+0000][2.759s] GC(4)   Evacuate Collection Set: 5.9ms
[2024-01-24T16:34:02.272+0000][2.759s] GC(4)   Post Evacuate Collection Set: 1.3ms
[2024-01-24T16:34:02.272+0000][2.759s] GC(4)   Other: 0.5ms
[2024-01-24T16:34:02.272+0000][2.759s] GC(4) Eden regions: 88->0(117)
[2024-01-24T16:34:02.272+0000][2.760s] GC(4) Survivor regions: 2->9(12)
[2024-01-24T16:34:02.273+0000][2.760s] GC(4) Old regions: 18->18
[2024-01-24T16:34:02.273+0000][2.760s] GC(4) Archive regions: 2->2
[2024-01-24T16:34:02.273+0000][2.760s] GC(4) Humongous regions: 5->4
[2024-01-24T16:34:02.273+0000][2.760s] GC(4) Metaspace: 34788K(35200K)->34788K(35200K) NonClass: 30436K(30656K)->30436K(30656K) Class: 4351K(4544K)->4351K(4544K)
[2024-01-24T16:34:02.273+0000][2.760s] GC(4) Pause Young (Normal) (G1 Evacuation Pause) 113M->30M(512M) 9.973ms
[2024-01-24T16:34:02.273+0000][2.761s] GC(4) User=0.02s Sys=0.01s Real=0.01s
[2024-01-24T16:34:02.342+0000][2.829s] GC(5) Pause Young (Concurrent Start) (Metadata GC Threshold)
[2024-01-24T16:34:02.342+0000][2.829s] GC(5) Using 10 workers of 10 for evacuation
[2024-01-24T16:34:02.347+0000][2.834s] GC(5)   Pre Evacuate Collection Set: 0.2ms
[2024-01-24T16:34:02.347+0000][2.834s] GC(5)   Merge Heap Roots: 0.1ms
[2024-01-24T16:34:02.347+0000][2.835s] GC(5)   Evacuate Collection Set: 3.7ms
[2024-01-24T16:34:02.348+0000][2.835s] GC(5)   Post Evacuate Collection Set: 0.8ms
[2024-01-24T16:34:02.348+0000][2.835s] GC(5)   Other: 0.6ms
[2024-01-24T16:34:02.348+0000][2.835s] GC(5) Eden regions: 5->0(126)
[2024-01-24T16:34:02.348+0000][2.835s] GC(5) Survivor regions: 9->9(16)
[2024-01-24T16:34:02.348+0000][2.836s] GC(5) Old regions: 18->18
[2024-01-24T16:34:02.349+0000][2.836s] GC(5) Archive regions: 2->2
[2024-01-24T16:34:02.349+0000][2.836s] GC(5) Humongous regions: 4->4
[2024-01-24T16:34:02.349+0000][2.837s] GC(5) Metaspace: 35714K(36096K)->35714K(36096K) NonClass: 31254K(31424K)->31254K(31424K) Class: 4459K(4672K)->4459K(4672K)
[2024-01-24T16:34:02.350+0000][2.837s] GC(5) Pause Young (Concurrent Start) (Metadata GC Threshold) 34M->30M(512M) 7.887ms
[2024-01-24T16:34:02.350+0000][2.837s] GC(5) User=0.02s Sys=0.01s Real=0.00s
[2024-01-24T16:34:02.351+0000][2.838s] GC(6) Concurrent Mark Cycle
[2024-01-24T16:34:02.351+0000][2.838s] GC(6) Concurrent Clear Claimed Marks
[2024-01-24T16:34:02.351+0000][2.839s] GC(6) Concurrent Clear Claimed Marks 0.342ms
[2024-01-24T16:34:02.351+0000][2.839s] GC(6) Concurrent Scan Root Regions
[2024-01-24T16:34:02.357+0000][2.844s] GC(6) Concurrent Scan Root Regions 5.744ms
[2024-01-24T16:34:02.358+0000][2.845s] GC(6) Concurrent Mark
[2024-01-24T16:34:02.358+0000][2.845s] GC(6) Concurrent Mark From Roots
[2024-01-24T16:34:02.358+0000][2.845s] GC(6) Using 3 workers of 3 for marking
[2024-01-24T16:34:02.369+0000][2.857s] GC(6) Concurrent Mark From Roots 11.564ms
[2024-01-24T16:34:02.370+0000][2.857s] GC(6) Concurrent Preclean
[2024-01-24T16:34:02.371+0000][2.858s] GC(6) Concurrent Preclean 0.786ms
[2024-01-24T16:34:02.371+0000][2.859s] GC(6) Pause Remark
[2024-01-24T16:34:02.375+0000][2.862s] GC(6) Pause Remark 32M->32M(512M) 3.161ms
[2024-01-24T16:34:02.375+0000][2.862s] GC(6) User=0.01s Sys=0.00s Real=0.00s
[2024-01-24T16:34:02.375+0000][2.862s] GC(6) Concurrent Mark 17.363ms
[2024-01-24T16:34:02.375+0000][2.862s] GC(6) Concurrent Rebuild Remembered Sets
[2024-01-24T16:34:02.379+0000][2.866s] GC(6) Concurrent Rebuild Remembered Sets 3.893ms
[2024-01-24T16:34:02.380+0000][2.867s] GC(6) Pause Cleanup
[2024-01-24T16:34:02.381+0000][2.868s] GC(6) Pause Cleanup 32M->32M(512M) 0.853ms
[2024-01-24T16:34:02.381+0000][2.868s] GC(6) User=0.00s Sys=0.00s Real=0.00s
[2024-01-24T16:34:02.381+0000][2.868s] GC(6) Concurrent Cleanup for Next Mark
[2024-01-24T16:34:02.382+0000][2.870s] GC(6) Concurrent Cleanup for Next Mark 1.113ms
[2024-01-24T16:34:02.383+0000][2.870s] GC(6) Concurrent Mark Cycle 31.726ms
[2024-01-24T16:34:05.414+0000][5.901s] GC(7) Pause Young (Prepare Mixed) (G1 Evacuation Pause)
[2024-01-24T16:34:05.414+0000][5.902s] GC(7) Using 10 workers of 10 for evacuation
[2024-01-24T16:34:05.423+0000][5.910s] GC(7)   Pre Evacuate Collection Set: 0.2ms
[2024-01-24T16:34:05.423+0000][5.910s] GC(7)   Merge Heap Roots: 0.1ms
[2024-01-24T16:34:05.423+0000][5.911s] GC(7)   Evacuate Collection Set: 6.3ms
[2024-01-24T16:34:05.424+0000][5.911s] GC(7)   Post Evacuate Collection Set: 1.4ms
[2024-01-24T16:34:05.424+0000][5.911s] GC(7)   Other: 0.6ms
[2024-01-24T16:34:05.425+0000][5.912s] GC(7) Eden regions: 126->0(8)
[2024-01-24T16:34:05.425+0000][5.912s] GC(7) Survivor regions: 9->17(17)
[2024-01-24T16:34:05.425+0000][5.913s] GC(7) Old regions: 18->20
[2024-01-24T16:34:05.426+0000][5.913s] GC(7) Archive regions: 2->2
[2024-01-24T16:34:05.426+0000][5.913s] GC(7) Humongous regions: 4->4
[2024-01-24T16:34:05.426+0000][5.913s] GC(7) Metaspace: 48742K(49216K)->48742K(49216K) NonClass: 42496K(42752K)->42496K(42752K) Class: 6245K(6464K)->6245K(6464K)
[2024-01-24T16:34:05.429+0000][5.917s] GC(7) Pause Young (Prepare Mixed) (G1 Evacuation Pause) 156M->41M(512M) 15.239ms
[2024-01-24T16:34:05.430+0000][5.917s] GC(7) User=0.04s Sys=0.02s Real=0.01s
[2024-01-24T16:34:05.640+0000][6.127s] GC(8) Pause Young (Mixed) (G1 Evacuation Pause)
[2024-01-24T16:34:05.640+0000][6.128s] GC(8) Using 10 workers of 10 for evacuation
[2024-01-24T16:34:05.649+0000][6.136s] GC(8)   Pre Evacuate Collection Set: 0.2ms
[2024-01-24T16:34:05.649+0000][6.136s] GC(8)   Merge Heap Roots: 0.1ms
[2024-01-24T16:34:05.649+0000][6.136s] GC(8)   Evacuate Collection Set: 6.8ms
[2024-01-24T16:34:05.649+0000][6.137s] GC(8)   Post Evacuate Collection Set: 1.0ms
[2024-01-24T16:34:05.650+0000][6.137s] GC(8)   Other: 0.5ms
[2024-01-24T16:34:05.650+0000][6.137s] GC(8) Eden regions: 8->0(304)
[2024-01-24T16:34:05.650+0000][6.138s] GC(8) Survivor regions: 17->3(4)
[2024-01-24T16:34:05.650+0000][6.138s] GC(8) Old regions: 20->37
[2024-01-24T16:34:05.651+0000][6.138s] GC(8) Archive regions: 2->2
[2024-01-24T16:34:05.651+0000][6.138s] GC(8) Humongous regions: 4->4
[2024-01-24T16:34:05.651+0000][6.138s] GC(8) Metaspace: 49114K(49600K)->49114K(49600K) NonClass: 42824K(43072K)->42824K(43072K) Class: 6289K(6528K)->6289K(6528K)
[2024-01-24T16:34:05.651+0000][6.138s] GC(8) Pause Young (Mixed) (G1 Evacuation Pause) 49M->43M(512M) 11.094ms
[2024-01-24T16:34:05.651+0000][6.139s] GC(8) User=0.06s Sys=0.00s Real=0.02s
[2024-01-24T16:43:14.440+0000][554.928s] Heap
[2024-01-24T16:43:14.440+0000][554.928s]  garbage-first heap   total 524288K, used 85065K [0x00000000e0000000, 0x0000000100000000)
[2024-01-24T16:43:14.440+0000][554.928s]   region size 1024K, 43 young (44032K), 3 survivors (3072K)
[2024-01-24T16:43:14.440+0000][554.928s]  Metaspace       used 51562K, committed 52032K, reserved 1114112K
[2024-01-24T16:43:14.440+0000][554.928s]   class space    used 6643K, committed 6848K, reserved 1048576K
