[2024-01-25T14:52:22.904+0000][0.039s] Using G1
[2024-01-25T14:52:22.997+0000][0.133s] Version: 17.0.9+9 (release)
[2024-01-25T14:52:22.998+0000][0.133s] CPUs: 12 total, 12 available
[2024-01-25T14:52:22.998+0000][0.133s] Memory: 7619M
[2024-01-25T14:52:22.998+0000][0.133s] Large Page Support: Disabled
[2024-01-25T14:52:22.998+0000][0.134s] NUMA Support: Disabled
[2024-01-25T14:52:22.999+0000][0.134s] Compressed Oops: Enabled (32-bit)
[2024-01-25T14:52:22.999+0000][0.134s] Heap Region Size: 1M
[2024-01-25T14:52:22.999+0000][0.134s] Heap Min Capacity: 512M
[2024-01-25T14:52:22.999+0000][0.134s] Heap Initial Capacity: 512M
[2024-01-25T14:52:22.999+0000][0.135s] Heap Max Capacity: 512M
[2024-01-25T14:52:23.000+0000][0.135s] Pre-touch: Enabled
[2024-01-25T14:52:23.000+0000][0.135s] Parallel Workers: 10
[2024-01-25T14:52:23.000+0000][0.135s] Concurrent Workers: 3
[2024-01-25T14:52:23.000+0000][0.135s] Concurrent Refinement Workers: 10
[2024-01-25T14:52:23.000+0000][0.135s] Periodic GC: Disabled
[2024-01-25T14:52:23.007+0000][0.142s] CDS archive(s) mapped at: [0x00007fdb2f000000-0x00007fdb2fa5f000-0x00007fdb2fa5f000), size 10874880, SharedBaseAddress: 0x00007fdb2f000000, ArchiveRelocationMode: 1.
[2024-01-25T14:52:23.007+0000][0.142s] Compressed class space mapped at: 0x00007fdb30000000-0x00007fdb70000000, reserved size: 1073741824
[2024-01-25T14:52:23.007+0000][0.142s] Narrow klass base: 0x00007fdb2f000000, Narrow klass shift: 0, Narrow klass range: 0x100000000
[2024-01-25T14:52:23.871+0000][1.006s] GC(0) Pause Young (Normal) (G1 Evacuation Pause)
[2024-01-25T14:52:23.872+0000][1.007s] GC(0) Using 10 workers of 10 for evacuation
[2024-01-25T14:52:23.874+0000][1.009s] GC(0)   Pre Evacuate Collection Set: 0.1ms
[2024-01-25T14:52:23.874+0000][1.009s] GC(0)   Merge Heap Roots: 0.1ms
[2024-01-25T14:52:23.874+0000][1.009s] GC(0)   Evacuate Collection Set: 1.4ms
[2024-01-25T14:52:23.874+0000][1.009s] GC(0)   Post Evacuate Collection Set: 0.4ms
[2024-01-25T14:52:23.874+0000][1.009s] GC(0)   Other: 0.3ms
[2024-01-25T14:52:23.874+0000][1.009s] GC(0) Eden regions: 29->0(58)
[2024-01-25T14:52:23.874+0000][1.009s] GC(0) Survivor regions: 0->4(4)
[2024-01-25T14:52:23.874+0000][1.009s] GC(0) Old regions: 0->1
[2024-01-25T14:52:23.874+0000][1.010s] GC(0) Archive regions: 2->2
[2024-01-25T14:52:23.875+0000][1.010s] GC(0) Humongous regions: 0->0
[2024-01-25T14:52:23.875+0000][1.010s] GC(0) Metaspace: 9907K(10176K)->9907K(10176K) NonClass: 8691K(8832K)->8691K(8832K) Class: 1216K(1344K)->1216K(1344K)
[2024-01-25T14:52:23.875+0000][1.010s] GC(0) Pause Young (Normal) (G1 Evacuation Pause) 29M->5M(512M) 3.381ms
[2024-01-25T14:52:23.875+0000][1.010s] GC(0) User=0.01s Sys=0.01s Real=0.00s
[2024-01-25T14:52:24.470+0000][1.605s] GC(1) Pause Young (Normal) (G1 Evacuation Pause)
[2024-01-25T14:52:24.470+0000][1.606s] GC(1) Using 10 workers of 10 for evacuation
[2024-01-25T14:52:24.475+0000][1.610s] GC(1)   Pre Evacuate Collection Set: 0.1ms
[2024-01-25T14:52:24.475+0000][1.610s] GC(1)   Merge Heap Roots: 0.1ms
[2024-01-25T14:52:24.475+0000][1.610s] GC(1)   Evacuate Collection Set: 3.7ms
[2024-01-25T14:52:24.475+0000][1.611s] GC(1)   Post Evacuate Collection Set: 0.6ms
[2024-01-25T14:52:24.476+0000][1.611s] GC(1)   Other: 0.3ms
[2024-01-25T14:52:24.476+0000][1.611s] GC(1) Eden regions: 56->0(194)
[2024-01-25T14:52:24.476+0000][1.611s] GC(1) Survivor regions: 4->8(8)
[2024-01-25T14:52:24.476+0000][1.611s] GC(1) Old regions: 1->9
[2024-01-25T14:52:24.476+0000][1.611s] GC(1) Archive regions: 2->2
[2024-01-25T14:52:24.476+0000][1.611s] GC(1) Humongous regions: 4->4
[2024-01-25T14:52:24.476+0000][1.611s] GC(1) Metaspace: 17967K(18176K)->17967K(18176K) NonClass: 15753K(15872K)->15753K(15872K) Class: 2214K(2304K)->2214K(2304K)
[2024-01-25T14:52:24.476+0000][1.611s] GC(1) Pause Young (Normal) (G1 Evacuation Pause) 65M->21M(512M) 5.958ms
[2024-01-25T14:52:24.476+0000][1.611s] GC(1) User=0.03s Sys=0.00s Real=0.00s
[2024-01-25T14:52:24.737+0000][1.872s] GC(2) Pause Young (Concurrent Start) (Metadata GC Threshold)
[2024-01-25T14:52:24.737+0000][1.872s] GC(2) Using 10 workers of 10 for evacuation
[2024-01-25T14:52:24.740+0000][1.875s] GC(2)   Pre Evacuate Collection Set: 0.1ms
[2024-01-25T14:52:24.740+0000][1.875s] GC(2)   Merge Heap Roots: 0.1ms
[2024-01-25T14:52:24.740+0000][1.875s] GC(2)   Evacuate Collection Set: 2.3ms
[2024-01-25T14:52:24.740+0000][1.876s] GC(2)   Post Evacuate Collection Set: 0.5ms
[2024-01-25T14:52:24.741+0000][1.876s] GC(2)   Other: 0.4ms
[2024-01-25T14:52:24.741+0000][1.876s] GC(2) Eden regions: 33->0(108)
[2024-01-25T14:52:24.741+0000][1.876s] GC(2) Survivor regions: 8->11(26)
[2024-01-25T14:52:24.741+0000][1.876s] GC(2) Old regions: 9->9
[2024-01-25T14:52:24.741+0000][1.876s] GC(2) Archive regions: 2->2
[2024-01-25T14:52:24.741+0000][1.876s] GC(2) Humongous regions: 5->5
[2024-01-25T14:52:24.741+0000][1.876s] GC(2) Metaspace: 21238K(21504K)->21238K(21504K) NonClass: 18630K(18752K)->18630K(18752K) Class: 2607K(2752K)->2607K(2752K)
[2024-01-25T14:52:24.741+0000][1.876s] GC(2) Pause Young (Concurrent Start) (Metadata GC Threshold) 55M->24M(512M) 4.448ms
[2024-01-25T14:52:24.741+0000][1.876s] GC(2) User=0.01s Sys=0.01s Real=0.01s
[2024-01-25T14:52:24.741+0000][1.877s] GC(3) Concurrent Mark Cycle
[2024-01-25T14:52:24.742+0000][1.877s] GC(3) Concurrent Clear Claimed Marks
[2024-01-25T14:52:24.742+0000][1.877s] GC(3) Concurrent Clear Claimed Marks 0.135ms
[2024-01-25T14:52:24.742+0000][1.877s] GC(3) Concurrent Scan Root Regions
[2024-01-25T14:52:24.743+0000][1.878s] GC(3) Concurrent Scan Root Regions 1.341ms
[2024-01-25T14:52:24.743+0000][1.878s] GC(3) Concurrent Mark
[2024-01-25T14:52:24.743+0000][1.879s] GC(3) Concurrent Mark From Roots
[2024-01-25T14:52:24.744+0000][1.879s] GC(3) Using 3 workers of 3 for marking
[2024-01-25T14:52:24.747+0000][1.882s] GC(3) Concurrent Mark From Roots 3.287ms
[2024-01-25T14:52:24.747+0000][1.882s] GC(3) Concurrent Preclean
[2024-01-25T14:52:24.747+0000][1.882s] GC(3) Concurrent Preclean 0.158ms
[2024-01-25T14:52:24.747+0000][1.882s] GC(3) Pause Remark
[2024-01-25T14:52:24.749+0000][1.884s] GC(3) Pause Remark 26M->26M(512M) 1.346ms
[2024-01-25T14:52:24.749+0000][1.884s] GC(3) User=0.00s Sys=0.00s Real=0.00s
[2024-01-25T14:52:24.749+0000][1.884s] GC(3) Concurrent Mark 5.508ms
[2024-01-25T14:52:24.749+0000][1.884s] GC(3) Concurrent Rebuild Remembered Sets
[2024-01-25T14:52:24.751+0000][1.886s] GC(3) Concurrent Rebuild Remembered Sets 1.988ms
[2024-01-25T14:52:24.751+0000][1.886s] GC(3) Pause Cleanup
[2024-01-25T14:52:24.751+0000][1.887s] GC(3) Pause Cleanup 26M->26M(512M) 0.242ms
[2024-01-25T14:52:24.752+0000][1.887s] GC(3) User=0.00s Sys=0.00s Real=0.00s
[2024-01-25T14:52:24.752+0000][1.887s] GC(3) Concurrent Cleanup for Next Mark
[2024-01-25T14:52:24.752+0000][1.887s] GC(3) Concurrent Cleanup for Next Mark 0.664ms
[2024-01-25T14:52:24.752+0000][1.888s] GC(3) Concurrent Mark Cycle 11.007ms
[2024-01-25T14:52:26.049+0000][3.184s] GC(4) Pause Young (Concurrent Start) (Metadata GC Threshold)
[2024-01-25T14:52:26.049+0000][3.184s] GC(4) Using 10 workers of 10 for evacuation
[2024-01-25T14:52:26.055+0000][3.190s] GC(4)   Pre Evacuate Collection Set: 0.1ms
[2024-01-25T14:52:26.055+0000][3.191s] GC(4)   Merge Heap Roots: 0.1ms
[2024-01-25T14:52:26.056+0000][3.191s] GC(4)   Evacuate Collection Set: 4.8ms
[2024-01-25T14:52:26.056+0000][3.191s] GC(4)   Post Evacuate Collection Set: 1.2ms
[2024-01-25T14:52:26.056+0000][3.192s] GC(4)   Other: 0.5ms
[2024-01-25T14:52:26.057+0000][3.192s] GC(4) Eden regions: 104->0(123)
[2024-01-25T14:52:26.057+0000][3.192s] GC(4) Survivor regions: 11->15(16)
[2024-01-25T14:52:26.057+0000][3.192s] GC(4) Old regions: 9->12
[2024-01-25T14:52:26.058+0000][3.193s] GC(4) Archive regions: 2->2
[2024-01-25T14:52:26.058+0000][3.193s] GC(4) Humongous regions: 5->4
[2024-01-25T14:52:26.058+0000][3.193s] GC(4) Metaspace: 35615K(35968K)->35615K(35968K) NonClass: 31174K(31360K)->31174K(31360K) Class: 4441K(4608K)->4441K(4608K)
[2024-01-25T14:52:26.058+0000][3.193s] GC(4) Pause Young (Concurrent Start) (Metadata GC Threshold) 128M->30M(512M) 9.759ms
[2024-01-25T14:52:26.059+0000][3.194s] GC(4) User=0.05s Sys=0.00s Real=0.01s
[2024-01-25T14:52:26.059+0000][3.194s] GC(5) Concurrent Mark Cycle
[2024-01-25T14:52:26.059+0000][3.194s] GC(5) Concurrent Clear Claimed Marks
[2024-01-25T14:52:26.060+0000][3.195s] GC(5) Concurrent Clear Claimed Marks 0.417ms
[2024-01-25T14:52:26.060+0000][3.195s] GC(5) Concurrent Scan Root Regions
[2024-01-25T14:52:26.063+0000][3.198s] GC(5) Concurrent Scan Root Regions 2.940ms
[2024-01-25T14:52:26.064+0000][3.199s] GC(5) Concurrent Mark
[2024-01-25T14:52:26.064+0000][3.199s] GC(5) Concurrent Mark From Roots
[2024-01-25T14:52:26.064+0000][3.199s] GC(5) Using 3 workers of 3 for marking
[2024-01-25T14:52:26.070+0000][3.205s] GC(5) Concurrent Mark From Roots 5.744ms
[2024-01-25T14:52:26.070+0000][3.205s] GC(5) Concurrent Preclean
[2024-01-25T14:52:26.070+0000][3.205s] GC(5) Concurrent Preclean 0.222ms
[2024-01-25T14:52:26.071+0000][3.206s] GC(5) Pause Remark
[2024-01-25T14:52:26.072+0000][3.208s] GC(5) Pause Remark 31M->31M(512M) 1.675ms
[2024-01-25T14:52:26.073+0000][3.208s] GC(5) User=0.01s Sys=0.01s Real=0.00s
[2024-01-25T14:52:26.073+0000][3.208s] GC(5) Concurrent Mark 9.418ms
[2024-01-25T14:52:26.073+0000][3.208s] GC(5) Concurrent Rebuild Remembered Sets
[2024-01-25T14:52:26.076+0000][3.211s] GC(5) Concurrent Rebuild Remembered Sets 2.682ms
[2024-01-25T14:52:26.076+0000][3.211s] GC(5) Pause Cleanup
[2024-01-25T14:52:26.076+0000][3.211s] GC(5) Pause Cleanup 32M->32M(512M) 0.248ms
[2024-01-25T14:52:26.077+0000][3.212s] GC(5) User=0.00s Sys=0.00s Real=0.00s
[2024-01-25T14:52:26.077+0000][3.212s] GC(5) Concurrent Cleanup for Next Mark
[2024-01-25T14:52:26.077+0000][3.212s] GC(5) Concurrent Cleanup for Next Mark 0.674ms
[2024-01-25T14:52:26.078+0000][3.213s] GC(5) Concurrent Mark Cycle 18.663ms
[2024-01-25T14:52:27.615+0000][4.750s] GC(6) Pause Young (Normal) (G1 Evacuation Pause)
[2024-01-25T14:52:27.615+0000][4.751s] GC(6) Using 10 workers of 10 for evacuation
[2024-01-25T14:52:27.623+0000][4.758s] GC(6)   Pre Evacuate Collection Set: 0.1ms
[2024-01-25T14:52:27.623+0000][4.758s] GC(6)   Merge Heap Roots: 0.1ms
[2024-01-25T14:52:27.623+0000][4.758s] GC(6)   Evacuate Collection Set: 6.2ms
[2024-01-25T14:52:27.623+0000][4.759s] GC(6)   Post Evacuate Collection Set: 0.9ms
[2024-01-25T14:52:27.624+0000][4.759s] GC(6)   Other: 0.4ms
[2024-01-25T14:52:27.624+0000][4.759s] GC(6) Eden regions: 123->0(289)
[2024-01-25T14:52:27.624+0000][4.759s] GC(6) Survivor regions: 15->18(18)
[2024-01-25T14:52:27.624+0000][4.759s] GC(6) Old regions: 12->18
[2024-01-25T14:52:27.624+0000][4.759s] GC(6) Archive regions: 2->2
[2024-01-25T14:52:27.624+0000][4.759s] GC(6) Humongous regions: 4->4
[2024-01-25T14:52:27.624+0000][4.759s] GC(6) Metaspace: 48652K(49152K)->48652K(49152K) NonClass: 42424K(42688K)->42424K(42688K) Class: 6227K(6464K)->6227K(6464K)
[2024-01-25T14:52:27.624+0000][4.759s] GC(6) Pause Young (Normal) (G1 Evacuation Pause) 153M->40M(512M) 8.976ms
[2024-01-25T14:52:27.624+0000][4.759s] GC(6) User=0.07s Sys=0.00s Real=0.01s
[2024-01-25T14:57:48.672+0000][325.807s] Heap
[2024-01-25T14:57:48.672+0000][325.807s]  garbage-first heap   total 524288K, used 92339K [0x00000000e0000000, 0x0000000100000000)
[2024-01-25T14:57:48.672+0000][325.807s]   region size 1024K, 68 young (69632K), 18 survivors (18432K)
[2024-01-25T14:57:48.672+0000][325.807s]  Metaspace       used 51673K, committed 52160K, reserved 1114112K
[2024-01-25T14:57:48.672+0000][325.807s]   class space    used 6645K, committed 6848K, reserved 1048576K
